Component: ARM Compiler 5.06 update 4 (build 422) Tool: armlink [4d35d2]

==============================================================================

Section Cross References

    main.o(i.Blue) refers to fmul.o(x$fpl$fmul) for __aeabi_fmul
    main.o(i.Blue) refers to ffixu.o(x$fpl$ffixu) for __aeabi_f2uiz
    main.o(i.Blue) refers to main.o(i.delayUS_DWT) for delayUS_DWT
    main.o(i.Blue) refers to main.o(.data) for dutyCycleBlue
    main.o(i.Green) refers to fmul.o(x$fpl$fmul) for __aeabi_fmul
    main.o(i.Green) refers to ffixu.o(x$fpl$ffixu) for __aeabi_f2uiz
    main.o(i.Green) refers to main.o(i.delayUS_DWT) for delayUS_DWT
    main.o(i.Green) refers to main.o(.data) for dutyCycleGreen
    main.o(i.RGB_ratio) refers to faddsub_clz.o(x$fpl$fsub) for __aeabi_fsub
    main.o(i.RGB_ratio) refers to fdiv.o(x$fpl$fdiv) for __aeabi_fdiv
    main.o(i.RGB_ratio) refers to fmul.o(x$fpl$fmul) for __aeabi_fmul
    main.o(i.RGB_ratio) refers to faddsub_clz.o(x$fpl$frsb) for __aeabi_frsub
    main.o(i.RGB_ratio) refers to faddsub_clz.o(x$fpl$fadd) for __aeabi_fadd
    main.o(i.RGB_ratio) refers to main.o(.data) for blue_lm
    main.o(i.Red) refers to fmul.o(x$fpl$fmul) for __aeabi_fmul
    main.o(i.Red) refers to ffixu.o(x$fpl$ffixu) for __aeabi_f2uiz
    main.o(i.Red) refers to main.o(i.delayUS_DWT) for delayUS_DWT
    main.o(i.Red) refers to main.o(.data) for dutyCycleRed
    main.o(i.delayUS_DWT) refers to system_stm32f10x.o(.data) for SystemCoreClock
    main.o(i.main) refers to rt_cmsis.o(i.osKernelInitialize) for osKernelInitialize
    main.o(i.main) refers to main.o(i.RGB_ratio) for RGB_ratio
    main.o(i.main) refers to fmul.o(x$fpl$fmul) for __aeabi_fmul
    main.o(i.main) refers to rt_cmsis.o(i.osThreadCreate) for osThreadCreate
    main.o(i.main) refers to rt_cmsis.o(i.osKernelStart) for osKernelStart
    main.o(i.main) refers to main.o(.data) for target_xy
    main.o(i.main) refers to main.o(.constdata) for os_thread_def_Green
    main.o(.constdata) refers to main.o(i.Red) for Red
    main.o(.constdata) refers to main.o(i.Blue) for Blue
    main.o(.constdata) refers to main.o(i.Green) for Green
    stm32f10x_gpio.o(i.GPIO_AFIODeInit) refers to stm32f10x_rcc.o(i.RCC_APB2PeriphResetCmd) for RCC_APB2PeriphResetCmd
    stm32f10x_gpio.o(i.GPIO_DeInit) refers to stm32f10x_rcc.o(i.RCC_APB2PeriphResetCmd) for RCC_APB2PeriphResetCmd
    stm32f10x_rcc.o(i.RCC_GetClocksFreq) refers to stm32f10x_rcc.o(.data) for APBAHBPrescTable
    stm32f10x_rcc.o(i.RCC_WaitForHSEStartUp) refers to stm32f10x_rcc.o(i.RCC_GetFlagStatus) for RCC_GetFlagStatus
    rtx_conf_cm.o(.emb_text) refers to rt_cmsis.o(i.osKernelInitialize) for osKernelInitialize
    rtx_conf_cm.o(.emb_text) refers to rt_cmsis.o(i.osThreadCreate) for osThreadCreate
    rtx_conf_cm.o(.emb_text) refers to rt_cmsis.o(i.osKernelStart) for osKernelStart
    rtx_conf_cm.o(.emb_text) refers to exit.o(.text) for exit
    rtx_conf_cm.o(.emb_text) refers to rtx_conf_cm.o(.constdata) for os_thread_def_main
    rtx_conf_cm.o(i.__user_perthread_libspace) refers to rt_task.o(i.rt_tsk_self) for rt_tsk_self
    rtx_conf_cm.o(i.__user_perthread_libspace) refers to rt_cmsis.o(.data) for os_running
    rtx_conf_cm.o(i.__user_perthread_libspace) refers to rtx_conf_cm.o(.bss) for .bss
    rtx_conf_cm.o(i.__user_perthread_libspace) refers to libspace.o(.bss) for __libspace_start
    rtx_conf_cm.o(i._mutex_acquire) refers to rt_cmsis.o(.data) for os_running
    rtx_conf_cm.o(i._mutex_acquire) refers to rt_mutex.o(i.rt_mut_wait) for rt_mut_wait
    rtx_conf_cm.o(i._mutex_initialize) refers to rt_mutex.o(i.rt_mut_init) for rt_mut_init
    rtx_conf_cm.o(i._mutex_initialize) refers to rtx_conf_cm.o(.data) for .data
    rtx_conf_cm.o(i._mutex_initialize) refers to rtx_conf_cm.o(.bss) for .bss
    rtx_conf_cm.o(i._mutex_release) refers to rt_cmsis.o(.data) for os_running
    rtx_conf_cm.o(i._mutex_release) refers to rt_mutex.o(i.rt_mut_release) for rt_mut_release
    rtx_conf_cm.o(.constdata) refers to rt_cmsis.o(i.osTimerThread) for osTimerThread
    rtx_conf_cm.o(.constdata) refers to rtx_conf_cm.o(.bss) for os_messageQ_q_osTimerMessageQ
    rtx_conf_cm.o(.constdata) refers to main.o(i.main) for main
    startup_stm32f10x_md.o(STACK) refers (Special) to heapauxi.o(.text) for __use_two_region_memory
    startup_stm32f10x_md.o(HEAP) refers (Special) to heapauxi.o(.text) for __use_two_region_memory
    startup_stm32f10x_md.o(RESET) refers (Special) to heapauxi.o(.text) for __use_two_region_memory
    startup_stm32f10x_md.o(RESET) refers to startup_stm32f10x_md.o(STACK) for __initial_sp
    startup_stm32f10x_md.o(RESET) refers to startup_stm32f10x_md.o(.text) for Reset_Handler
    startup_stm32f10x_md.o(RESET) refers to hal_cm3.o(.emb_text) for SVC_Handler
    startup_stm32f10x_md.o(.text) refers (Special) to heapauxi.o(.text) for __use_two_region_memory
    startup_stm32f10x_md.o(.text) refers to system_stm32f10x.o(i.SystemInit) for SystemInit
[...]
    Removing misc.o(.rev16_text), (4 bytes).
    Removing misc.o(.revsh_text), (4 bytes).
    Removing misc.o(i.NVIC_Init), (112 bytes).
    Removing misc.o(i.NVIC_PriorityGroupConfig), (20 bytes).
    Removing misc.o(i.NVIC_SetVectorTable), (20 bytes).
    Removing misc.o(i.NVIC_SystemLPConfig), (32 bytes).
    Removing misc.o(i.SysTick_CLKSourceConfig), (40 bytes).
    Removing stm32f10x_gpio.o(.rev16_text), (4 bytes).
    Removing stm32f10x_gpio.o(.revsh_text), (4 bytes).
    Removing stm32f10x_gpio.o(i.GPIO_AFIODeInit), (20 bytes).
    Removing stm32f10x_gpio.o(i.GPIO_DeInit), (200 bytes).
    Removing stm32f10x_gpio.o(i.GPIO_ETH_MediaInterfaceConfig), (12 bytes).
    Removing stm32f10x_gpio.o(i.GPIO_EXTILineConfig), (64 bytes).
    Removing stm32f10x_gpio.o(i.GPIO_EventOutputCmd), (12 bytes).
    Removing stm32f10x_gpio.o(i.GPIO_EventOutputConfig), (32 bytes).
    Removing stm32f10x_gpio.o(i.GPIO_Init), (278 bytes).
    Removing stm32f10x_gpio.o(i.GPIO_PinLockConfig), (18 bytes).
    Removing stm32f10x_gpio.o(i.GPIO_PinRemapConfig), (144 bytes).
    Removing stm32f10x_gpio.o(i.GPIO_ReadInputData), (8 bytes).
    Removing stm32f10x_gpio.o(i.GPIO_ReadInputDataBit), (18 bytes).
    Removing stm32f10x_gpio.o(i.GPIO_ReadOutputData), (8 bytes).
    Removing stm32f10x_gpio.o(i.GPIO_ReadOutputDataBit), (18 bytes).
    Removing stm32f10x_gpio.o(i.GPIO_ResetBits), (4 bytes).
    Removing stm32f10x_gpio.o(i.GPIO_SetBits), (4 bytes).
    Removing stm32f10x_gpio.o(i.GPIO_StructInit), (16 bytes).
    Removing stm32f10x_gpio.o(i.GPIO_Write), (4 bytes).
    Removing stm32f10x_gpio.o(i.GPIO_WriteBit), (10 bytes).
    Removing stm32f10x_rcc.o(.rev16_text), (4 bytes).
    Removing stm32f10x_rcc.o(.revsh_text), (4 bytes).
    Removing stm32f10x_rcc.o(i.RCC_ADCCLKConfig), (24 bytes).
    Removing stm32f10x_rcc.o(i.RCC_AHBPeriphClockCmd), (32 bytes).
    Removing stm32f10x_rcc.o(i.RCC_APB1PeriphClockCmd), (32 bytes).
    Removing stm32f10x_rcc.o(i.RCC_APB1PeriphResetCmd), (32 bytes).
    Removing stm32f10x_rcc.o(i.RCC_APB2PeriphClockCmd), (32 bytes).
    Removing stm32f10x_rcc.o(i.RCC_APB2PeriphResetCmd), (32 bytes).
    Removing stm32f10x_rcc.o(i.RCC_AdjustHSICalibrationValue), (24 bytes).
    Removing stm32f10x_rcc.o(i.RCC_BackupResetCmd), (12 bytes).
    Removing stm32f10x_rcc.o(i.RCC_ClearFlag), (20 bytes).
    Removing stm32f10x_rcc.o(i.RCC_ClearITPendingBit), (12 bytes).
    Removing stm32f10x_rcc.o(i.RCC_ClockSecuritySystemCmd), (12 bytes).
    Removing stm32f10x_rcc.o(i.RCC_DeInit), (76 bytes).
    Removing stm32f10x_rcc.o(i.RCC_GetClocksFreq), (212 bytes).
    Removing stm32f10x_rcc.o(i.RCC_GetFlagStatus), (60 bytes).
    Removing stm32f10x_rcc.o(i.RCC_GetITStatus), (24 bytes).
    Removing stm32f10x_rcc.o(i.RCC_GetSYSCLKSource), (16 bytes).
    Removing stm32f10x_rcc.o(i.RCC_HCLKConfig), (24 bytes).
    Removing stm32f10x_rcc.o(i.RCC_HSEConfig), (76 bytes).
    Removing stm32f10x_rcc.o(i.RCC_HSICmd), (12 bytes).
    Removing stm32f10x_rcc.o(i.RCC_ITConfig), (32 bytes).
    Removing stm32f10x_rcc.o(i.RCC_LSEConfig), (52 bytes).
    Removing stm32f10x_rcc.o(i.RCC_LSICmd), (12 bytes).
    Removing stm32f10x_rcc.o(i.RCC_MCOConfig), (12 bytes).
    Removing stm32f10x_rcc.o(i.RCC_PCLK1Config), (24 bytes).
    Removing stm32f10x_rcc.o(i.RCC_PCLK2Config), (24 bytes).
    Removing stm32f10x_rcc.o(i.RCC_PLLCmd), (12 bytes).
    Removing stm32f10x_rcc.o(i.RCC_PLLConfig), (28 bytes).
    Removing stm32f10x_rcc.o(i.RCC_RTCCLKCmd), (12 bytes).
    Removing stm32f10x_rcc.o(i.RCC_RTCCLKConfig), (16 bytes).
    Removing stm32f10x_rcc.o(i.RCC_SYSCLKConfig), (24 bytes).
    Removing stm32f10x_rcc.o(i.RCC_USBCLKConfig), (12 bytes).
    Removing stm32f10x_rcc.o(i.RCC_WaitForHSEStartUp), (56 bytes).
    Removing stm32f10x_rcc.o(.data), (20 bytes).
    Removing rtx_conf_cm.o(i.__user_perthread_libspace), (44 bytes).
    Removing rtx_conf_cm.o(i._mutex_initialize), (44 bytes).
    Removing system_stm32f10x.o(.rev16_text), (4 bytes).
    Removing system_stm32f10x.o(.revsh_text), (4 bytes).
    Removing system_stm32f10x.o(i.SystemCoreClockUpdate), (164 bytes).
    Removing rt_cmsis.o(.rev16_text), (4 bytes).
    Removing rt_cmsis.o(.revsh_text), (4 bytes).
    Removing rt_cmsis.o(.rrx_text), (6 bytes).
    Removing rt_cmsis.o(i.isrSemaphoreRelease), (40 bytes).
    Removing rt_cmsis.o(i.isrSignalSet), (36 bytes).
    Removing rt_cmsis.o(i.osDelay), (24 bytes).
    Removing rt_cmsis.o(i.osKernelRunning), (36 bytes).
    Removing rt_cmsis.o(i.osKernelSysTick), (24 bytes).
    Removing rt_cmsis.o(i.osMailAlloc), (28 bytes).
    Removing rt_cmsis.o(i.osMailCAlloc), (48 bytes).
    Removing rt_cmsis.o(i.osMailCreate), (44 bytes).
    Removing rt_cmsis.o(i.osMailFree), (28 bytes).
    Removing rt_cmsis.o(i.osMailGet), (22 bytes).
    Removing rt_cmsis.o(i.osMailPut), (20 bytes).
    Removing rt_cmsis.o(i.osMessageCreate), (44 bytes).
    Removing rt_cmsis.o(i.osMessagePut), (24 bytes).
    Removing rt_cmsis.o(i.osMutexCreate), (44 bytes).
    Removing rt_cmsis.o(i.osMutexDelete), (24 bytes).
    Removing rt_cmsis.o(i.osMutexRelease), (24 bytes).
    Removing rt_cmsis.o(i.osMutexWait), (24 bytes).
    Removing rt_cmsis.o(i.osPoolAlloc), (32 bytes).
    Removing rt_cmsis.o(i.osPoolCAlloc), (52 bytes).
    Removing rt_cmsis.o(i.osPoolCreate), (44 bytes).
    Removing rt_cmsis.o(i.osPoolFree), (32 bytes).
    Removing rt_cmsis.o(i.osSemaphoreCreate), (44 bytes).
    Removing rt_cmsis.o(i.osSemaphoreDelete), (24 bytes).
    Removing rt_cmsis.o(i.osSemaphoreRelease), (24 bytes).
    Removing rt_cmsis.o(i.osSemaphoreWait), (24 bytes).
    Removing rt_cmsis.o(i.osSignalClear), (24 bytes).
    Removing rt_cmsis.o(i.osSignalSet), (24 bytes).
    Removing rt_cmsis.o(i.osSignalWait), (24 bytes).
    Removing rt_cmsis.o(i.osThreadGetId), (24 bytes).
    Removing rt_cmsis.o(i.osThreadGetPriority), (24 bytes).
    Removing rt_cmsis.o(i.osThreadSetPriority), (24 bytes).
    Removing rt_cmsis.o(i.osThreadTerminate), (24 bytes).
    Removing rt_cmsis.o(i.osThreadYield), (24 bytes).
    Removing rt_cmsis.o(i.osTimerCreate), (44 bytes).
    Removing rt_cmsis.o(i.osTimerDelete), (24 bytes).
    Removing rt_cmsis.o(i.osTimerStart), (24 bytes).
    Removing rt_cmsis.o(i.osTimerStop), (24 bytes).
    Removing rt_cmsis.o(i.osWait), (4 bytes).
    Removing rt_cmsis.o(i.os_resume), (12 bytes).
    Removing rt_cmsis.o(i.os_suspend), (12 bytes).
    Removing rt_cmsis.o(i.rt_clr_box), (24 bytes).
    Removing rt_cmsis.o(i.rt_timer_remove), (60 bytes).
    Removing rt_cmsis.o(i.svcDelay), (18 bytes).
    Removing rt_cmsis.o(i.svcKernelRunning), (12 bytes).
    Removing rt_cmsis.o(i.svcKernelSysTick), (56 bytes).
    Removing rt_cmsis.o(i.svcMailCreate), (66 bytes).
    Removing rt_cmsis.o(i.svcMessagePut), (54 bytes).
    Removing rt_cmsis.o(i.svcMutexCreate), (28 bytes).
    Removing rt_cmsis.o(i.svcMutexDelete), (26 bytes).
    Removing rt_cmsis.o(i.svcMutexRelease), (34 bytes).
    Removing rt_cmsis.o(i.svcMutexWait), (58 bytes).
    Removing rt_cmsis.o(i.svcPoolCreate), (40 bytes).
    Removing rt_cmsis.o(i.svcSemaphoreCreate), (36 bytes).
    Removing rt_cmsis.o(i.svcSemaphoreDelete), (26 bytes).
    Removing rt_cmsis.o(i.svcSemaphoreRelease), (40 bytes).
    Removing rt_cmsis.o(i.svcSemaphoreWait), (50 bytes).
    Removing rt_cmsis.o(i.svcSignalClear), (36 bytes).
    Removing rt_cmsis.o(i.svcSignalSet), (36 bytes).
    Removing rt_cmsis.o(i.svcSignalWait), (84 bytes).
    Removing rt_cmsis.o(i.svcThreadGetPriority), (18 bytes).
    Removing rt_cmsis.o(i.svcThreadSetPriority), (46 bytes).
    Removing rt_cmsis.o(i.svcThreadYield), (10 bytes).
    Removing rt_cmsis.o(i.svcTimerCreate), (56 bytes).
    Removing rt_cmsis.o(i.svcTimerDelete), (40 bytes).
    Removing rt_cmsis.o(i.svcTimerStart), (100 bytes).
    Removing rt_cmsis.o(i.svcTimerStop), (36 bytes).
    Removing rt_cmsis.o(i.sysMailAlloc), (88 bytes).
    Removing rt_cmsis.o(i.sysMailFree), (96 bytes).
    Removing rt_cmsis.o(i.sysPoolAlloc), (10 bytes).
    Removing rt_cmsis.o(i.sysPoolFree), (20 bytes).
    Removing rt_cmsis.o(i.sysUserTimerUpdate), (48 bytes).
    Removing rt_cmsis.o(i.sysUserTimerWakeupTime), (20 bytes).
    Removing rt_task.o(i.rt_tsk_pass), (48 bytes).
    Removing rt_mutex.o(i.rt_mut_delete), (176 bytes).
    Removing rt_mutex.o(i.rt_mut_init), (16 bytes).
    Removing rt_system.o(.emb_text), (0 bytes).
    Removing rt_system.o(i.os_tick_ovf), (16 bytes).
    Removing rt_system.o(i.os_tick_val), (20 bytes).
    Removing rt_system.o(i.rt_resume), (136 bytes).
    Removing rt_system.o(i.rt_suspend), (36 bytes).
    Removing rt_system.o(i.rt_tsk_lock), (80 bytes).
    Removing rt_system.o(i.rt_tsk_unlock), (80 bytes).
    Removing rt_event.o(i.isr_evt_set), (40 bytes).
    Removing rt_event.o(i.rt_evt_clr), (28 bytes).
    Removing rt_event.o(i.rt_evt_get), (12 bytes).
    Removing rt_event.o(i.rt_evt_set), (92 bytes).
    Removing rt_event.o(i.rt_evt_wait), (60 bytes).
    Removing rt_list.o(i.rt_get_same_rdy_prio), (36 bytes).
    Removing rt_mailbox.o(i.rt_mbx_send), (152 bytes).
    Removing rt_semaphore.o(i.isr_sem_send), (16 bytes).
    Removing rt_semaphore.o(i.rt_sem_delete), (92 bytes).
    Removing rt_semaphore.o(i.rt_sem_init), (12 bytes).
    Removing rt_semaphore.o(i.rt_sem_send), (42 bytes).
    Removing rt_semaphore.o(i.rt_sem_wait), (64 bytes).
    Removing rt_time.o(i.rt_dly_wait), (6 bytes).
    Removing rt_time.o(i.rt_itv_set), (24 bytes).
    Removing rt_time.o(i.rt_itv_wait), (40 bytes).
    Removing rt_time.o(i.rt_time_get), (12 bytes).
    Removing rt_membox.o(i._calloc_box), (30 bytes).

174 unused section(s) (total 6424 bytes) removed from the image.

==============================================================================

Image Symbol Table

    Local Symbols

    Symbol Name                              Value     Ov Type        Size  Object(Section)

    ../clib/angel/boardlib.s                 0x00000000   Number         0  boardshut.o ABSOLUTE
    ../clib/angel/boardlib.s                 0x00000000   Number         0  boardinit1.o ABSOLUTE
    ../clib/angel/boardlib.s                 0x00000000   Number         0  boardinit2.o ABSOLUTE
    ../clib/angel/handlers.s                 0x00000000   Number         0  __scatter_zi.o ABSOLUTE
    ../clib/angel/handlers.s                 0x00000000   Number         0  __scatter_copy.o ABSOLUTE
    ../clib/angel/kernel.s                   0x00000000   Number         0  __rtentry2.o ABSOLUTE
    ../clib/angel/kernel.s                   0x00000000   Number         0  __rtentry4.o ABSOLUTE
    ../clib/angel/kernel.s                   0x00000000   Number         0  rtexit2.o ABSOLUTE
    ../clib/angel/kernel.s                   0x00000000   Number         0  __rtentry.o ABSOLUTE
    ../clib/angel/kernel.s                   0x00000000   Number         0  rtexit.o ABSOLUTE
    ../clib/angel/rt.s                       0x00000000   Number         0  rt_div0.o ABSOLUTE
    ../clib/angel/rt.s                       0x00000000   Number         0  aeabi_ldiv0.o ABSOLUTE
    ../clib/angel/rt.s                       0x00000000   Number         0  rt_raise.o ABSOLUTE
    ../clib/angel/rt.s                       0x00000000   Number         0  aeabi_ldiv0_sigfpe.o ABSOLUTE
    ../clib/angel/scatter.s                  0x00000000   Number         0  __scatter.o ABSOLUTE
    ../clib/angel/startup.s                  0x00000000   Number         0  __main.o ABSOLUTE
    ../clib/angel/sys.s                      0x00000000   Number         0  libspace.o ABSOLUTE
    ../clib/angel/sys.s                      0x00000000   Number         0  indicate_semi.o ABSOLUTE
    ../clib/angel/sys.s                      0x00000000   Number         0  sys_stackheap_outer.o ABSOLUTE
    ../clib/angel/sys.s                      0x00000000   Number         0  use_no_semi.o ABSOLUTE
    ../clib/angel/sysapp.c                   0x00000000   Number         0  sys_command.o ABSOLUTE
    ../clib/angel/sysapp.c                   0x00000000   Number         0  sys_wrch.o ABSOLUTE
    ../clib/angel/sysapp.c                   0x00000000   Number         0  sys_exit.o ABSOLUTE
    ../clib/armsys.c                         0x00000000   Number         0  argv_veneer.o ABSOLUTE
    ../clib/armsys.c                         0x00000000   Number         0  argv_veneer.o ABSOLUTE
    ../clib/armsys.c                         0x00000000   Number         0  no_argv.o ABSOLUTE
    ../clib/armsys.c                         0x00000000   Number         0  _get_argv_nomalloc.o ABSOLUTE
    ../clib/heapalloc.c                      0x00000000   Number         0  hrguard.o ABSOLUTE
    ../clib/heapaux.c                        0x00000000   Number         0  heapauxi.o ABSOLUTE
    ../clib/libinit.s                        0x00000000   Number         0  libinit2.o ABSOLUTE
    ../clib/libinit.s                        0x00000000   Number         0  libinit.o ABSOLUTE
    ../clib/libinit.s                        0x00000000   Number         0  libshutdown2.o ABSOLUTE
    ../clib/libinit.s                        0x00000000   Number         0  libshutdown.o ABSOLUTE
    ../clib/longlong.s                       0x00000000   Number         0  lludivv7m.o ABSOLUTE
    ../clib/signal.c                         0x00000000   Number         0  defsig_cppl_inner.o ABSOLUTE
    ../clib/signal.c                         0x00000000   Number         0  defsig_pvfn_inner.o ABSOLUTE
    ../clib/signal.c                         0x00000000   Number         0  defsig_stak_inner.o ABSOLUTE
    ../clib/signal.c                         0x00000000   Number         0  defsig_rtmem_formal.o ABSOLUTE
    ../clib/signal.c                         0x00000000   Number         0  defsig_rtmem_outer.o ABSOLUTE
    ../clib/signal.c                         0x00000000   Number         0  defsig_rtred_inner.o ABSOLUTE
    ../clib/signal.c                         0x00000000   Number         0  defsig_other.o ABSOLUTE
    ../clib/signal.c                         0x00000000   Number         0  defsig_abrt_inner.o ABSOLUTE
    ../clib/signal.c                         0x00000000   Number         0  defsig_fpe_formal.o ABSOLUTE
    ../clib/signal.c                         0x00000000   Number         0  defsig_general.o ABSOLUTE
    ../clib/signal.c                         0x00000000   Number         0  defsig_fpe_outer.o ABSOLUTE
    ../clib/signal.c                         0x00000000   Number         0  defsig_segv_inner.o ABSOLUTE
    ../clib/signal.c                         0x00000000   Number         0  __raise.o ABSOLUTE
    ../clib/signal.c                         0x00000000   Number         0  defsig_rtmem_inner.o ABSOLUTE
    ../clib/signal.c                         0x00000000   Number         0  defsig_exit.o ABSOLUTE
    ../clib/signal.c                         0x00000000   Number         0  defsig_fpe_inner.o ABSOLUTE
    ../clib/signal.s                         0x00000000   Number         0  defsig.o ABSOLUTE
    ../clib/stdlib.c                         0x00000000   Number         0  exit.o ABSOLUTE
    ../fplib/faddsub.s                       0x00000000   Number         0  faddsub_clz.o ABSOLUTE
    ../fplib/fdiv.s                          0x00000000   Number         0  fdiv.o ABSOLUTE
    ../fplib/ffixu.s                         0x00000000   Number         0  ffixu.o ABSOLUTE
    ../fplib/fmul.s                          0x00000000   Number         0  fmul.o ABSOLUTE
    ../fplib/fnaninf.s                       0x00000000   Number         0  fnaninf.o ABSOLUTE
    ../fplib/fpinit.s                        0x00000000   Number         0  fpinit.o ABSOLUTE
    ../fplib/fretinf.s                       0x00000000   Number         0  fretinf.o ABSOLUTE
    ../fplib/usenofp.s                       0x00000000   Number         0  usenofp.o ABSOLUTE
    ..\HAL_CM.c                              0x00000000   Number         0  hal_cm.o ABSOLUTE
    ..\\rt_CMSIS.c                           0x00000000   Number         0  rt_cmsis.o ABSOLUTE
    ..\\rt_System.c                          0x00000000   Number         0  rt_system.o ABSOLUTE
    ..\rt_CMSIS.c                            0x00000000   Number         0  rt_cmsis.o ABSOLUTE
    ..\rt_Event.c                            0x00000000   Number         0  rt_event.o ABSOLUTE
    ..\rt_List.c                             0x00000000   Number         0  rt_list.o ABSOLUTE
    ..\rt_Mailbox.c                          0x00000000   Number         0  rt_mailbox.o ABSOLUTE
    ..\rt_MemBox.c                           0x00000000   Number         0  rt_membox.o ABSOLUTE
    ..\rt_Memory.c                           0x00000000   Number         0  rt_memory.o ABSOLUTE
    ..\rt_Mutex.c                            0x00000000   Number         0  rt_mutex.o ABSOLUTE
    ..\rt_Robin.c                            0x00000000   Number         0  rt_robin.o ABSOLUTE
    ..\rt_Semaphore.c                        0x00000000   Number         0  rt_semaphore.o ABSOLUTE
    ..\rt_System.c                           0x00000000   Number         0  rt_system.o ABSOLUTE
    ..\rt_Task.c                             0x00000000   Number         0  rt_task.o ABSOLUTE
    ..\rt_Time.c                             0x00000000   Number         0  rt_time.o ABSOLUTE
    CMSIS\CM3\CoreSupport\core_cm3.c         0x00000000   Number         0  core_cm3.o ABSOLUTE
    CMSIS\\CM3\\CoreSupport\\core_cm3.c      0x00000000   Number         0  core_cm3.o ABSOLUTE
    HAL_CM3.c                                0x00000000   Number         0  hal_cm3.o ABSOLUTE
    HAL_CM3.c                                0x00000000   Number         0  hal_cm3.o ABSOLUTE
    RTE\CMSIS\RTX_Conf_CM.c                  0x00000000   Number         0  rtx_conf_cm.o ABSOLUTE
    RTE\Device\STM32F103C8\startup_stm32f10x_md.s 0x00000000   Number         0  startup_stm32f10x_md.o ABSOLUTE
    RTE\Device\STM32F103C8\system_stm32f10x.c 0x00000000   Number         0  system_stm32f10x.o ABSOLUTE
    RTE\\CMSIS\\RTX_Conf_CM.c                0x00000000   Number         0  rtx_conf_cm.o ABSOLUTE
    RTE\\Device\\STM32F103C8\\system_stm32f10x.c 0x00000000   Number         0  system_stm32f10x.o ABSOLUTE
    STM32F10x_StdPeriph_Driver\\src\\misc.c  0x00000000   Number         0  misc.o ABSOLUTE
    STM32F10x_StdPeriph_Driver\\src\\stm32f10x_gpio.c 0x00000000   Number         0  stm32f10x_gpio.o ABSOLUTE
    STM32F10x_StdPeriph_Driver\\src\\stm32f10x_rcc.c 0x00000000   Number         0  stm32f10x_rcc.o ABSOLUTE
    STM32F10x_StdPeriph_Driver\src\misc.c    0x00000000   Number         0  misc.o ABSOLUTE
    STM32F10x_StdPeriph_Driver\src\stm32f10x_gpio.c 0x00000000   Number         0  stm32f10x_gpio.o ABSOLUTE
    STM32F10x_StdPeriph_Driver\src\stm32f10x_rcc.c 0x00000000   Number         0  stm32f10x_rcc.o ABSOLUTE
    SVC_Table.s                              0x00000000   Number         0  svc_table.o ABSOLUTE
    User\\delay.c                            0x00000000   Number         0  delay.o ABSOLUTE
    User\\main.c                             0x00000000   Number         0  main.o ABSOLUTE
    User\delay.c                             0x00000000   Number         0  delay.o ABSOLUTE
    User\main.c                              0x00000000   Number         0  main.o ABSOLUTE
    dc.s                                     0x00000000   Number         0  dc.o ABSOLUTE
    RESET                                    0x08000000   Section      236  startup_stm32f10x_md.o(RESET)
    !!!main                                  0x080000ec   Section        8  __main.o(!!!main)
    !!!scatter                               0x080000f4   Section       52  __scatter.o(!!!scatter)
    !!handler_copy                           0x08000128   Section       26  __scatter_copy.o(!!handler_copy)
    !!handler_zi                             0x08000144   Section       28  __scatter_zi.o(!!handler_zi)
    .ARM.Collect$$libinit$$00000000          0x08000160   Section        2  libinit.o(.ARM.Collect$$libinit$$00000000)
    .ARM.Collect$$libinit$$00000002          0x08000162   Section        0  libinit2.o(.ARM.Collect$$libinit$$00000002)
    .ARM.Collect$$libinit$$00000004          0x08000162   Section        0  libinit2.o(.ARM.Collect$$libinit$$00000004)
    .ARM.Collect$$libinit$$0000000A          0x08000162   Section        0  libinit2.o(.ARM.Collect$$libinit$$0000000A)
    .ARM.Collect$$libinit$$0000000C          0x08000162   Section        0  libinit2.o(.ARM.Collect$$libinit$$0000000C)
    .ARM.Collect$$libinit$$0000000E          0x08000162   Section        0  libinit2.o(.ARM.Collect$$libinit$$0000000E)
    .ARM.Collect$$libinit$$00000011          0x08000162   Section        0  libinit2.o(.ARM.Collect$$libinit$$00000011)
    .ARM.Collect$$libinit$$00000013          0x08000162   Section        0  libinit2.o(.ARM.Collect$$libinit$$00000013)
    .ARM.Collect$$libinit$$00000015          0x08000162   Section        0  libinit2.o(.ARM.Collect$$libinit$$00000015)
    .ARM.Collect$$libinit$$00000017          0x08000162   Section        0  libinit2.o(.ARM.Collect$$libinit$$00000017)
    .ARM.Collect$$libinit$$00000019          0x08000162   Section        0  libinit2.o(.ARM.Collect$$libinit$$00000019)
    .ARM.Collect$$libinit$$0000001B          0x08000162   Section        0  libinit2.o(.ARM.Collect$$libinit$$0000001B)
    .ARM.Collect$$libinit$$0000001D          0x08000162   Section        0  libinit2.o(.ARM.Collect$$libinit$$0000001D)
    .ARM.Collect$$libinit$$0000001F          0x08000162   Section        0  libinit2.o(.ARM.Collect$$libinit$$0000001F)
    .ARM.Collect$$libinit$$00000021          0x08000162   Section        0  libinit2.o(.ARM.Collect$$libinit$$00000021)
    .ARM.Collect$$libinit$$00000023          0x08000162   Section        0  libinit2.o(.ARM.Collect$$libinit$$00000023)
    .ARM.Collect$$libinit$$00000025          0x08000162   Section        0  libinit2.o(.ARM.Collect$$libinit$$00000025)
    .ARM.Collect$$libinit$$0000002C          0x08000162   Section        0  libinit2.o(.ARM.Collect$$libinit$$0000002C)
    .ARM.Collect$$libinit$$0000002E          0x08000162   Section        0  libinit2.o(.ARM.Collect$$libinit$$0000002E)
    .ARM.Collect$$libinit$$00000030          0x08000162   Section        0  libinit2.o(.ARM.Collect$$libinit$$00000030)
    .ARM.Collect$$libinit$$00000032          0x08000162   Section        0  libinit2.o(.ARM.Collect$$libinit$$00000032)
    .ARM.Collect$$libinit$$00000033          0x08000162   Section        2  libinit2.o(.ARM.Collect$$libinit$$00000033)
    .ARM.Collect$$libshutdown$$00000000      0x08000164   Section        2  libshutdown.o(.ARM.Collect$$libshutdown$$00000000)
    .ARM.Collect$$libshutdown$$00000002      0x08000166   Section        0  libshutdown2.o(.ARM.Collect$$libshutdown$$00000002)
    .ARM.Collect$$libshutdown$$00000004      0x08000166   Section        0  libshutdown2.o(.ARM.Collect$$libshutdown$$00000004)
    .ARM.Collect$$libshutdown$$00000007      0x08000166   Section        0  libshutdown2.o(.ARM.Collect$$libshutdown$$00000007)
    .ARM.Collect$$libshutdown$$0000000A      0x08000166   Section        0  libshutdown2.o(.ARM.Collect$$libshutdown$$0000000A)
    .ARM.Collect$$libshutdown$$0000000C      0x08000166   Section        0  libshutdown2.o(.ARM.Collect$$libshutdown$$0000000C)
    .ARM.Collect$$libshutdown$$0000000F      0x08000166   Section        0  libshutdown2.o(.ARM.Collect$$libshutdown$$0000000F)
    .ARM.Collect$$libshutdown$$00000010      0x08000166   Section        2  libshutdown2.o(.ARM.Collect$$libshutdown$$00000010)
    .ARM.Collect$$rtentry$$00000000          0x08000168   Section        0  __rtentry.o(.ARM.Collect$$rtentry$$00000000)
    .ARM.Collect$$rtentry$$00000002          0x08000168   Section        0  __rtentry2.o(.ARM.Collect$$rtentry$$00000002)
    .ARM.Collect$$rtentry$$00000004          0x08000168   Section        6  __rtentry4.o(.ARM.Collect$$rtentry$$00000004)
    .ARM.Collect$$rtentry$$00000009          0x0800016e   Section        0  __rtentry2.o(.ARM.Collect$$rtentry$$00000009)
    .ARM.Collect$$rtentry$$0000000A          0x0800016e   Section        4  __rtentry2.o(.ARM.Collect$$rtentry$$0000000A)
    .ARM.Collect$$rtentry$$0000000B          0x08000172   Section        8  __rtentry2.o(.ARM.Collect$$rtentry$$0000000B)
    .ARM.Collect$$rtentry$$0000000D          0x0800017a   Section        8  __rtentry2.o(.ARM.Collect$$rtentry$$0000000D)
    .ARM.Collect$$rtexit$$00000000           0x08000182   Section        2  rtexit.o(.ARM.Collect$$rtexit$$00000000)
    .ARM.Collect$$rtexit$$00000002           0x08000184   Section        0  rtexit2.o(.ARM.Collect$$rtexit$$00000002)
    .ARM.Collect$$rtexit$$00000003           0x08000184   Section        4  rtexit2.o(.ARM.Collect$$rtexit$$00000003)
    .ARM.Collect$$rtexit$$00000004           0x08000188   Section        6  rtexit2.o(.ARM.Collect$$rtexit$$00000004)
    .emb_text                                0x08000190   Section       28  rtx_conf_cm.o(.emb_text)
    .emb_text                                0x080001ac   Section      304  hal_cm3.o(.emb_text)
    .text                                    0x080002dc   Section       64  startup_stm32f10x_md.o(.text)
    .text                                    0x0800031c   Section        8  libspace.o(.text)
    .text                                    0x08000324   Section        0  exit.o(.text)
    .text                                    0x08000336   Section        0  heapauxi.o(.text)
    .text                                    0x0800033c   Section        0  sys_exit.o(.text)
    .text                                    0x08000348   Section       74  sys_stackheap_outer.o(.text)
    .text                                    0x08000392   Section        2  use_no_semi.o(.text)
    .text                                    0x08000394   Section        0  indicate_semi.o(.text)
    SVC_TABLE                                0x08000394   Section        4  svc_table.o(SVC_TABLE)
    i.Blue                                   0x08000398   Section        0  main.o(i.Blue)
    i.Green                                  0x080003dc   Section        0  main.o(i.Green)
    i.RGB_ratio                              0x08000420   Section        0  main.o(i.RGB_ratio)
    i.Red                                    0x08000604   Section        0  main.o(i.Red)
    i.SetSysClock                            0x08000648   Section        0  system_stm32f10x.o(i.SetSysClock)
    SetSysClock                              0x08000649   Thumb Code     8  system_stm32f10x.o(i.SetSysClock)
    i.SetSysClockTo72                        0x08000650   Section        0  system_stm32f10x.o(i.SetSysClockTo72)
    SetSysClockTo72                          0x08000651   Thumb Code   214  system_stm32f10x.o(i.SetSysClockTo72)
    i.SystemInit                             0x08000730   Section        0  system_stm32f10x.o(i.SystemInit)
    i._init_box                              0x08000790   Section        0  rt_membox.o(i._init_box)
    i._mutex_acquire                         0x080007d8   Section        0  rtx_conf_cm.o(i._mutex_acquire)
    __tagsym$$used                           0x080007d9   Number         0  rtx_conf_cm.o(i._mutex_acquire)
    i._mutex_release                         0x080007f8   Section        0  rtx_conf_cm.o(i._mutex_release)
    __tagsym$$used                           0x080007f9   Number         0  rtx_conf_cm.o(i._mutex_release)
    i.dbg_init                               0x08000814   Section        0  hal_cm.o(i.dbg_init)
    i.dbg_task_notify                        0x08000844   Section        0  hal_cm.o(i.dbg_task_notify)
    i.dbg_task_switch                        0x08000864   Section        0  hal_cm.o(i.dbg_task_switch)
    i.delayUS_DWT                            0x08000874   Section        0  main.o(i.delayUS_DWT)
    i.isrMessageGet                          0x080008a8   Section        0  rt_cmsis.o(i.isrMessageGet)
    i.isrMessagePut                          0x080008d2   Section        0  rt_cmsis.o(i.isrMessagePut)
    i.isr_mbx_receive                        0x08000900   Section        0  rt_mailbox.o(i.isr_mbx_receive)
    i.isr_mbx_send                           0x08000956   Section        0  rt_mailbox.o(i.isr_mbx_send)
    i.main                                   0x08000964   Section        0  main.o(i.main)
    i.osKernelInitialize                     0x08000a28   Section        0  rt_cmsis.o(i.osKernelInitialize)
    i.osKernelStart                          0x08000a4c   Section        0  rt_cmsis.o(i.osKernelStart)
    i.osMessageGet                           0x08000ab8   Section        0  rt_cmsis.o(i.osMessageGet)
    i.osThreadCreate                         0x08000ad0   Section        0  rt_cmsis.o(i.osThreadCreate)
    i.osThreadExit                           0x08000afc   Section        0  rt_cmsis.o(i.osThreadExit)
    i.osTimerCall                            0x08000b14   Section        0  rt_cmsis.o(i.osTimerCall)
    i.osTimerThread                          0x08000b20   Section        0  rt_cmsis.o(i.osTimerThread)
    i.os_error                               0x08000b4c   Section        0  rtx_conf_cm.o(i.os_error)
    i.os_idle_demon                          0x08000b6e   Section        0  rtx_conf_cm.o(i.os_idle_demon)
    i.os_tick_init                           0x08000b74   Section        0  rt_system.o(i.os_tick_init)
    i.os_tick_irqack                         0x08000b9c   Section        0  rt_system.o(i.os_tick_irqack)
    i.rt_alloc_box                           0x08000b9e   Section        0  rt_membox.o(i.rt_alloc_box)
    i.rt_alloc_mem                           0x08000bb8   Section        0  rt_memory.o(i.rt_alloc_mem)
    i.rt_block                               0x08000bf8   Section        0  rt_task.o(i.rt_block)
    i.rt_chk_robin                           0x08000c30   Section        0  rt_robin.o(i.rt_chk_robin)
    i.rt_dec_dly                             0x08000c78   Section        0  rt_list.o(i.rt_dec_dly)
    i.rt_dispatch                            0x08000ce8   Section        0  rt_task.o(i.rt_dispatch)
    i.rt_evt_psh                             0x08000d2c   Section        0  rt_event.o(i.rt_evt_psh)
    i.rt_free_box                            0x08000d7c   Section        0  rt_membox.o(i.rt_free_box)
    i.rt_free_mem                            0x08000da8   Section        0  rt_memory.o(i.rt_free_mem)
    i.rt_get_first                           0x08000dd0   Section        0  rt_list.o(i.rt_get_first)
    i.rt_id2obj                              0x08000df8   Section        0  rt_cmsis.o(i.rt_id2obj)
    rt_id2obj                                0x08000df9   Thumb Code     8  rt_cmsis.o(i.rt_id2obj)
    i.rt_init_context                        0x08000e00   Section        0  rt_task.o(i.rt_init_context)
    rt_init_context                          0x08000e01   Thumb Code    66  rt_task.o(i.rt_init_context)
    i.rt_init_mem                            0x08000e48   Section        0  rt_memory.o(i.rt_init_mem)
    i.rt_init_robin                          0x08000e64   Section        0  rt_robin.o(i.rt_init_robin)
    i.rt_init_stack                          0x08000e7c   Section        0  hal_cm.o(i.rt_init_stack)
    i.rt_mbx_check                           0x08000efc   Section        0  rt_mailbox.o(i.rt_mbx_check)
    i.rt_mbx_init                            0x08000f04   Section        0  rt_mailbox.o(i.rt_mbx_init)
    i.rt_mbx_psh                             0x08000f20   Section        0  rt_mailbox.o(i.rt_mbx_psh)
    i.rt_mbx_wait                            0x08001010   Section        0  rt_mailbox.o(i.rt_mbx_wait)
    i.rt_ms2tick                             0x080010c4   Section        0  rt_cmsis.o(i.rt_ms2tick)
    rt_ms2tick                               0x080010c5   Thumb Code    58  rt_cmsis.o(i.rt_ms2tick)
    i.rt_mut_release                         0x08001108   Section        0  rt_mutex.o(i.rt_mut_release)
    i.rt_mut_wait                            0x080011e0   Section        0  rt_mutex.o(i.rt_mut_wait)
    i.rt_pop_req                             0x08001258   Section        0  rt_system.o(i.rt_pop_req)
    i.rt_psh_req                             0x080012d4   Section        0  rt_system.o(i.rt_psh_req)
    i.rt_psq_enq                             0x080012f4   Section        0  rt_list.o(i.rt_psq_enq)
    i.rt_put_dly                             0x08001350   Section        0  rt_list.o(i.rt_put_dly)
    i.rt_put_prio                            0x08001398   Section        0  rt_list.o(i.rt_put_prio)
    i.rt_put_rdy_first                       0x080013d0   Section        0  rt_list.o(i.rt_put_rdy_first)
    i.rt_resort_prio                         0x080013e4   Section        0  rt_list.o(i.rt_resort_prio)
    i.rt_ret_val                             0x08001418   Section        0  hal_cm.o(i.rt_ret_val)
    i.rt_ret_val2                            0x0800141e   Section        0  hal_cm.o(i.rt_ret_val2)
    i.rt_rmv_dly                             0x08001426   Section        0  rt_list.o(i.rt_rmv_dly)
    i.rt_rmv_list                            0x08001450   Section        0  rt_list.o(i.rt_rmv_list)
    i.rt_sem_psh                             0x08001480   Section        0  rt_semaphore.o(i.rt_sem_psh)
    i.rt_stk_check                           0x080014b4   Section        0  rt_system.o(i.rt_stk_check)
    i.rt_switch_req                          0x080014d8   Section        0  rt_task.o(i.rt_switch_req)
    i.rt_sys_init                            0x08001500   Section        0  rt_task.o(i.rt_sys_init)
    i.rt_sys_start                           0x080015cc   Section        0  rt_task.o(i.rt_sys_start)
    i.rt_systick                             0x08001644   Section        0  rt_system.o(i.rt_systick)
    i.rt_tid2ptcb                            0x08001684   Section        0  rt_cmsis.o(i.rt_tid2ptcb)
    rt_tid2ptcb                              0x08001685   Thumb Code    18  rt_cmsis.o(i.rt_tid2ptcb)
    i.rt_timer_insert                        0x08001698   Section        0  rt_cmsis.o(i.rt_timer_insert)
    rt_timer_insert                          0x08001699   Thumb Code    48  rt_cmsis.o(i.rt_timer_insert)
    i.rt_tsk_create                          0x080016cc   Section        0  rt_task.o(i.rt_tsk_create)
    i.rt_tsk_delete                          0x08001754   Section        0  rt_task.o(i.rt_tsk_delete)
    i.rt_tsk_prio                            0x080018d0   Section        0  rt_task.o(i.rt_tsk_prio)
    i.rt_tsk_self                            0x0800194c   Section        0  rt_task.o(i.rt_tsk_self)
    i.svcKernelInitialize                    0x0800195c   Section        0  rt_cmsis.o(i.svcKernelInitialize)
    i.svcKernelStart                         0x080019cc   Section        0  rt_cmsis.o(i.svcKernelStart)
    i.svcMessageCreate                       0x08001a14   Section        0  rt_cmsis.o(i.svcMessageCreate)
    i.svcMessageGet                          0x08001a38   Section        0  rt_cmsis.o(i.svcMessageGet)
    i.svcThreadCreate                        0x08001a74   Section        0  rt_cmsis.o(i.svcThreadCreate)
    i.svcThreadGetId                         0x08001ae0   Section        0  rt_cmsis.o(i.svcThreadGetId)
    i.svcThreadTerminate                     0x08001afc   Section        0  rt_cmsis.o(i.svcThreadTerminate)
    i.svcTimerCall                           0x08001b34   Section        0  rt_cmsis.o(i.svcTimerCall)
    i.sysTimerTick                           0x08001b4c   Section        0  rt_cmsis.o(i.sysTimerTick)
    x$fpl$fadd                               0x08001ba8   Section      196  faddsub_clz.o(x$fpl$fadd)
    _fadd1                                   0x08001bb7   Thumb Code     0  faddsub_clz.o(x$fpl$fadd)
    x$fpl$fdiv                               0x08001c6c   Section      388  fdiv.o(x$fpl$fdiv)
    _fdiv1                                   0x08001c6d   Thumb Code     0  fdiv.o(x$fpl$fdiv)
    x$fpl$ffixu                              0x08001df0   Section       62  ffixu.o(x$fpl$ffixu)
    x$fpl$fmul                               0x08001e30   Section      258  fmul.o(x$fpl$fmul)
    x$fpl$fnaninf                            0x08001f32   Section      140  fnaninf.o(x$fpl$fnaninf)
    x$fpl$fretinf                            0x08001fbe   Section       10  fretinf.o(x$fpl$fretinf)
    x$fpl$frsb                               0x08001fc8   Section       20  faddsub_clz.o(x$fpl$frsb)
    x$fpl$fsub                               0x08001fdc   Section      234  faddsub_clz.o(x$fpl$fsub)
    _fsub1                                   0x08001feb   Thumb Code     0  faddsub_clz.o(x$fpl$fsub)
    x$fpl$usenofp                            0x080020c6   Section        0  usenofp.o(x$fpl$usenofp)
    .constdata                               0x080020c8   Section       48  main.o(.constdata)
    .constdata                               0x080020f8   Section      104  rtx_conf_cm.o(.constdata)
    __tagsym$$used                           0x08002114   Number         0  rtx_conf_cm.o(.constdata)
    __tagsym$$used                           0x08002118   Number         0  rtx_conf_cm.o(.constdata)
    __tagsym$$used                           0x0800211c   Number         0  rtx_conf_cm.o(.constdata)
    __tagsym$$used                           0x08002120   Number         0  rtx_conf_cm.o(.constdata)
    .data                                    0x20000000   Section       36  main.o(.data)
    .data                                    0x20000024   Section       20  rtx_conf_cm.o(.data)
    nr_mutex                                 0x20000034   Data           4  rtx_conf_cm.o(.data)
    .data                                    0x20000038   Section       20  system_stm32f10x.o(.data)
    .data                                    0x2000004c   Section        8  rt_cmsis.o(.data)
    .data                                    0x20000054   Section        8  rt_task.o(.data)
    .data                                    0x2000005c   Section        8  rt_system.o(.data)
    os_lock                                  0x2000005c   Data           1  rt_system.o(.data)
    os_psh_flag                              0x2000005d   Data           1  rt_system.o(.data)
    pend_flags                               0x2000005e   Data           1  rt_system.o(.data)
    .data                                    0x20000064   Section        4  rt_time.o(.data)
    .data                                    0x20000068   Section        8  rt_robin.o(.data)
    .data                                    0x20000070   Section        1  hal_cm.o(.data)
    .bss                                     0x20000078   Section     3016  rtx_conf_cm.o(.bss)
    std_libspace                             0x20000920   Data         672  rtx_conf_cm.o(.bss)
    std_libmutex                             0x20000bc0   Data         128  rtx_conf_cm.o(.bss)
    .bss                                     0x20000c40   Section       52  rt_task.o(.bss)
    .bss                                     0x20000c74   Section       48  rt_list.o(.bss)
    .bss                                     0x20000ca4   Section       96  libspace.o(.bss)
    HEAP                                     0x20000d08   Section      512  startup_stm32f10x_md.o(HEAP)
    Heap_Mem                                 0x20000d08   Data         512  startup_stm32f10x_md.o(HEAP)
    STACK                                    0x20000f08   Section     1024  startup_stm32f10x_md.o(STACK)
    Stack_Mem                                0x20000f08   Data        1024  startup_stm32f10x_md.o(STACK)
    __initial_sp                             0x20001308   Data           0  startup_stm32f10x_md.o(STACK)

    Global Symbols

    Symbol Name                              Value     Ov Type        Size  Object(Section)

    BuildAttributes$$THM_ISAv4$P$D$K$B$S$PE$A:L22UL41UL21$X:L11$S22US41US21$IEEE1$IW$USESV6$~STKCKD$USESV7$~SHL$OSPACE$ROPI$EBA8$UX$STANDARDLIB$REQ8$PRES8$EABIv2 0x00000000   Number         0  anon$$obj.o ABSOLUTE
    __ARM_use_no_argv                        0x00000000   Number         0  main.o ABSOLUTE
    __ARM_exceptions_init                     - Undefined Weak Reference
    __alloca_initialize                       - Undefined Weak Reference
    __arm_preinit_                            - Undefined Weak Reference
    __cpp_initialize__aeabi_                  - Undefined Weak Reference
    __cxa_finalize                            - Undefined Weak Reference
    __rt_locale                               - Undefined Weak Reference
    __sigvec_lookup                           - Undefined Weak Reference
    _atexit_init                              - Undefined Weak Reference
    _call_atexit_fns                          - Undefined Weak Reference
    _clock_init                               - Undefined Weak Reference
    _fp_trap_init                             - Undefined Weak Reference
    _fp_trap_shutdown                         - Undefined Weak Reference
    _get_lc_collate                           - Undefined Weak Reference
    _get_lc_ctype                             - Undefined Weak Reference
    _get_lc_monetary                          - Undefined Weak Reference
    _get_lc_numeric                           - Undefined Weak Reference
    _get_lc_time                              - Undefined Weak Reference
    _getenv_init                              - Undefined Weak Reference
    _handle_redirection                       - Undefined Weak Reference
    _init_alloc                               - Undefined Weak Reference
    _init_user_alloc                          - Undefined Weak Reference
    _initio                                   - Undefined Weak Reference
    _rand_init                                - Undefined Weak Reference
    _signal_finish                            - Undefined Weak Reference
    _signal_init                              - Undefined Weak Reference
    _terminate_alloc                          - Undefined Weak Reference
    _terminate_user_alloc                     - Undefined Weak Reference
    _terminateio                              - Undefined Weak Reference
    __Vectors_Size                           0x000000ec   Number         0  startup_stm32f10x_md.o ABSOLUTE
    __RL_RTX_VER                             0x00000482   Number         0  rt_system.o ABSOLUTE
    __Vectors                                0x08000000   Data           4  startup_stm32f10x_md.o(RESET)
    __Vectors_End                            0x080000ec   Data           0  startup_stm32f10x_md.o(RESET)
    __main                                   0x080000ed   Thumb Code     8  __main.o(!!!main)
    __scatterload                            0x080000f5   Thumb Code     0  __scatter.o(!!!scatter)
    __scatterload_rt2                        0x080000f5   Thumb Code    44  __scatter.o(!!!scatter)
    __scatterload_rt2_thumb_only             0x080000f5   Thumb Code     0  __scatter.o(!!!scatter)
    __scatterload_null                       0x08000103   Thumb Code     0  __scatter.o(!!!scatter)
    __scatterload_copy                       0x08000129   Thumb Code    26  __scatter_copy.o(!!handler_copy)
    __scatterload_zeroinit                   0x08000145   Thumb Code    28  __scatter_zi.o(!!handler_zi)
    __rt_lib_init                            0x08000161   Thumb Code     0  libinit.o(.ARM.Collect$$libinit$$00000000)
    __rt_lib_init_alloca_1                   0x08000163   Thumb Code     0  libinit2.o(.ARM.Collect$$libinit$$0000002E)
    __rt_lib_init_argv_1                     0x08000163   Thumb Code     0  libinit2.o(.ARM.Collect$$libinit$$0000002C)
    __rt_lib_init_atexit_1                   0x08000163   Thumb Code     0  libinit2.o(.ARM.Collect$$libinit$$0000001B)
    __rt_lib_init_clock_1                    0x08000163   Thumb Code     0  libinit2.o(.ARM.Collect$$libinit$$00000021)
    __rt_lib_init_cpp_1                      0x08000163   Thumb Code     0  libinit2.o(.ARM.Collect$$libinit$$00000032)
    __rt_lib_init_exceptions_1               0x08000163   Thumb Code     0  libinit2.o(.ARM.Collect$$libinit$$00000030)
    __rt_lib_init_fp_1                       0x08000163   Thumb Code     0  libinit2.o(.ARM.Collect$$libinit$$00000002)
    __rt_lib_init_fp_trap_1                  0x08000163   Thumb Code     0  libinit2.o(.ARM.Collect$$libinit$$0000001F)
    __rt_lib_init_getenv_1                   0x08000163   Thumb Code     0  libinit2.o(.ARM.Collect$$libinit$$00000023)
    __rt_lib_init_heap_1                     0x08000163   Thumb Code     0  libinit2.o(.ARM.Collect$$libinit$$0000000A)
    __rt_lib_init_lc_collate_1               0x08000163   Thumb Code     0  libinit2.o(.ARM.Collect$$libinit$$00000011)
    __rt_lib_init_lc_ctype_1                 0x08000163   Thumb Code     0  libinit2.o(.ARM.Collect$$libinit$$00000013)
    __rt_lib_init_lc_monetary_1              0x08000163   Thumb Code     0  libinit2.o(.ARM.Collect$$libinit$$00000015)
    __rt_lib_init_lc_numeric_1               0x08000163   Thumb Code     0  libinit2.o(.ARM.Collect$$libinit$$00000017)
    __rt_lib_init_lc_time_1                  0x08000163   Thumb Code     0  libinit2.o(.ARM.Collect$$libinit$$00000019)
    __rt_lib_init_preinit_1                  0x08000163   Thumb Code     0  libinit2.o(.ARM.Collect$$libinit$$00000004)
    __rt_lib_init_rand_1                     0x08000163   Thumb Code     0  libinit2.o(.ARM.Collect$$libinit$$0000000E)
    __rt_lib_init_return                     0x08000163   Thumb Code     0  libinit2.o(.ARM.Collect$$libinit$$00000033)
    __rt_lib_init_signal_1                   0x08000163   Thumb Code     0  libinit2.o(.ARM.Collect$$libinit$$0000001D)
    __rt_lib_init_stdio_1                    0x08000163   Thumb Code     0  libinit2.o(.ARM.Collect$$libinit$$00000025)
    __rt_lib_init_user_alloc_1               0x08000163   Thumb Code     0  libinit2.o(.ARM.Collect$$libinit$$0000000C)
    __rt_lib_shutdown                        0x08000165   Thumb Code     0  libshutdown.o(.ARM.Collect$$libshutdown$$00000000)
    __rt_lib_shutdown_cpp_1                  0x08000167   Thumb Code     0  libshutdown2.o(.ARM.Collect$$libshutdown$$00000002)
    __rt_lib_shutdown_fp_trap_1              0x08000167   Thumb Code     0  libshutdown2.o(.ARM.Collect$$libshutdown$$00000007)
    __rt_lib_shutdown_heap_1                 0x08000167   Thumb Code     0  libshutdown2.o(.ARM.Collect$$libshutdown$$0000000F)
    __rt_lib_shutdown_return                 0x08000167   Thumb Code     0  libshutdown2.o(.ARM.Collect$$libshutdown$$00000010)
    __rt_lib_shutdown_signal_1               0x08000167   Thumb Code     0  libshutdown2.o(.ARM.Collect$$libshutdown$$0000000A)
    __rt_lib_shutdown_stdio_1                0x08000167   Thumb Code     0  libshutdown2.o(.ARM.Collect$$libshutdown$$00000004)
    __rt_lib_shutdown_user_alloc_1           0x08000167   Thumb Code     0  libshutdown2.o(.ARM.Collect$$libshutdown$$0000000C)
    __rt_entry                               0x08000169   Thumb Code     0  __rtentry.o(.ARM.Collect$$rtentry$$00000000)
    __rt_entry_presh_1                       0x08000169   Thumb Code     0  __rtentry2.o(.ARM.Collect$$rtentry$$00000002)
    __rt_entry_sh                            0x08000169   Thumb Code     0  __rtentry4.o(.ARM.Collect$$rtentry$$00000004)
    __rt_entry_li                            0x0800016f   Thumb Code     0  __rtentry2.o(.ARM.Collect$$rtentry$$0000000A)
    __rt_entry_postsh_1                      0x0800016f   Thumb Code     0  __rtentry2.o(.ARM.Collect$$rtentry$$00000009)
    __rt_entry_postli_1                      0x08000173   Thumb Code     0  __rtentry2.o(.ARM.Collect$$rtentry$$0000000B)
    __rt_entry_main                          0x0800017b   Thumb Code     0  __rtentry2.o(.ARM.Collect$$rtentry$$0000000D)
    __rt_exit                                0x08000183   Thumb Code     0  rtexit.o(.ARM.Collect$$rtexit$$00000000)
    __rt_exit_ls                             0x08000185   Thumb Code     0  rtexit2.o(.ARM.Collect$$rtexit$$00000003)
    __rt_exit_prels_1                        0x08000185   Thumb Code     0  rtexit2.o(.ARM.Collect$$rtexit$$00000002)
    __rt_exit_exit                           0x08000189   Thumb Code     0  rtexit2.o(.ARM.Collect$$rtexit$$00000004)
    _platform_post_lib_init                  0x08000191   Thumb Code    24  rtx_conf_cm.o(.emb_text)
    rt_set_PSP                               0x080001ad   Thumb Code     6  hal_cm3.o(.emb_text)
    rt_get_PSP                               0x080001b3   Thumb Code     6  hal_cm3.o(.emb_text)
    os_set_env                               0x080001b9   Thumb Code    24  hal_cm3.o(.emb_text)
    _alloc_box                               0x080001d5   Thumb Code    28  hal_cm3.o(.emb_text)
    _free_box                                0x080001f5   Thumb Code    28  hal_cm3.o(.emb_text)
    SVC_Handler                              0x08000215   Thumb Code   108  hal_cm3.o(.emb_text)
    PendSV_Handler                           0x0800028d   Thumb Code    56  hal_cm3.o(.emb_text)
    SysTick_Handler                          0x080002c9   Thumb Code     8  hal_cm3.o(.emb_text)
    OS_Tick_Handler                          0x080002d1   Thumb Code    12  hal_cm3.o(.emb_text)
    Reset_Handler                            0x080002dd   Thumb Code     8  startup_stm32f10x_md.o(.text)
    NMI_Handler                              0x080002e5   Thumb Code     2  startup_stm32f10x_md.o(.text)
    HardFault_Handler                        0x080002e7   Thumb Code     2  startup_stm32f10x_md.o(.text)
    MemManage_Handler                        0x080002e9   Thumb Code     2  startup_stm32f10x_md.o(.text)
    BusFault_Handler                         0x080002eb   Thumb Code     2  startup_stm32f10x_md.o(.text)
    UsageFault_Handler                       0x080002ed   Thumb Code     2  startup_stm32f10x_md.o(.text)
    DebugMon_Handler                         0x080002f1   Thumb Code     2  startup_stm32f10x_md.o(.text)
    ADC1_2_IRQHandler                        0x080002f7   Thumb Code     0  startup_stm32f10x_md.o(.text)
    CAN1_RX1_IRQHandler                      0x080002f7   Thumb Code     0  startup_stm32f10x_md.o(.text)
    CAN1_SCE_IRQHandler                      0x080002f7   Thumb Code     0  startup_stm32f10x_md.o(.text)
    DMA1_Channel1_IRQHandler                 0x080002f7   Thumb Code     0  startup_stm32f10x_md.o(.text)
    DMA1_Channel2_IRQHandler                 0x080002f7   Thumb Code     0  startup_stm32f10x_md.o(.text)
    DMA1_Channel3_IRQHandler                 0x080002f7   Thumb Code     0  startup_stm32f10x_md.o(.text)
    DMA1_Channel4_IRQHandler                 0x080002f7   Thumb Code     0  startup_stm32f10x_md.o(.text)
    DMA1_Channel5_IRQHandler                 0x080002f7   Thumb Code     0  startup_stm32f10x_md.o(.text)
    DMA1_Channel6_IRQHandler                 0x080002f7   Thumb Code     0  startup_stm32f10x_md.o(.text)
    DMA1_Channel7_IRQHandler                 0x080002f7   Thumb Code     0  startup_stm32f10x_md.o(.text)
    EXTI0_IRQHandler                         0x080002f7   Thumb Code     0  startup_stm32f10x_md.o(.text)
    EXTI15_10_IRQHandler                     0x080002f7   Thumb Code     0  startup_stm32f10x_md.o(.text)
    EXTI1_IRQHandler                         0x080002f7   Thumb Code     0  startup_stm32f10x_md.o(.text)
    EXTI2_IRQHandler                         0x080002f7   Thumb Code     0  startup_stm32f10x_md.o(.text)
    EXTI3_IRQHandler                         0x080002f7   Thumb Code     0  startup_stm32f10x_md.o(.text)
    EXTI4_IRQHandler                         0x080002f7   Thumb Code     0  startup_stm32f10x_md.o(.text)
    EXTI9_5_IRQHandler                       0x080002f7   Thumb Code     0  startup_stm32f10x_md.o(.text)
    FLASH_IRQHandler                         0x080002f7   Thumb Code     0  startup_stm32f10x_md.o(.text)
    I2C1_ER_IRQHandler                       0x080002f7   Thumb Code     0  startup_stm32f10x_md.o(.text)
    I2C1_EV_IRQHandler                       0x080002f7   Thumb Code     0  startup_stm32f10x_md.o(.text)
    I2C2_ER_IRQHandler                       0x080002f7   Thumb Code     0  startup_stm32f10x_md.o(.text)
    I2C2_EV_IRQHandler                       0x080002f7   Thumb Code     0  startup_stm32f10x_md.o(.text)
    PVD_IRQHandler                           0x080002f7   Thumb Code     0  startup_stm32f10x_md.o(.text)
    RCC_IRQHandler                           0x080002f7   Thumb Code     0  startup_stm32f10x_md.o(.text)
    RTCAlarm_IRQHandler                      0x080002f7   Thumb Code     0  startup_stm32f10x_md.o(.text)
    RTC_IRQHandler                           0x080002f7   Thumb Code     0  startup_stm32f10x_md.o(.text)
    SPI1_IRQHandler                          0x080002f7   Thumb Code     0  startup_stm32f10x_md.o(.text)
    SPI2_IRQHandler                          0x080002f7   Thumb Code     0  startup_stm32f10x_md.o(.text)
    TAMPER_IRQHandler                        0x080002f7   Thumb Code     0  startup_stm32f10x_md.o(.text)
    TIM1_BRK_IRQHandler                      0x080002f7   Thumb Code     0  startup_stm32f10x_md.o(.text)
    TIM1_CC_IRQHandler                       0x080002f7   Thumb Code     0  startup_stm32f10x_md.o(.text)
    TIM1_TRG_COM_IRQHandler                  0x080002f7   Thumb Code     0  startup_stm32f10x_md.o(.text)
    TIM1_UP_IRQHandler                       0x080002f7   Thumb Code     0  startup_stm32f10x_md.o(.text)
    TIM2_IRQHandler                          0x080002f7   Thumb Code     0  startup_stm32f10x_md.o(.text)
    TIM3_IRQHandler                          0x080002f7   Thumb Code     0  startup_stm32f10x_md.o(.text)
    TIM4_IRQHandler                          0x080002f7   Thumb Code     0  startup_stm32f10x_md.o(.text)
    USART1_IRQHandler                        0x080002f7   Thumb Code     0  startup_stm32f10x_md.o(.text)
    USART2_IRQHandler                        0x080002f7   Thumb Code     0  startup_stm32f10x_md.o(.text)
    USART3_IRQHandler                        0x080002f7   Thumb Code     0  startup_stm32f10x_md.o(.text)
    USBWakeUp_IRQHandler                     0x080002f7   Thumb Code     0  startup_stm32f10x_md.o(.text)
    USB_HP_CAN1_TX_IRQHandler                0x080002f7   Thumb Code     0  startup_stm32f10x_md.o(.text)
    USB_LP_CAN1_RX0_IRQHandler               0x080002f7   Thumb Code     0  startup_stm32f10x_md.o(.text)
    WWDG_IRQHandler                          0x080002f7   Thumb Code     0  startup_stm32f10x_md.o(.text)
    __user_initial_stackheap                 0x080002f9   Thumb Code     0  startup_stm32f10x_md.o(.text)
    __user_libspace                          0x0800031d   Thumb Code     8  libspace.o(.text)
    __user_perproc_libspace                  0x0800031d   Thumb Code     0  libspace.o(.text)
    exit                                     0x08000325   Thumb Code    18  exit.o(.text)
    __use_two_region_memory                  0x08000337   Thumb Code     2  heapauxi.o(.text)
    __rt_heap_escrow$2region                 0x08000339   Thumb Code     2  heapauxi.o(.text)
    __rt_heap_expand$2region                 0x0800033b   Thumb Code     2  heapauxi.o(.text)
    _sys_exit                                0x0800033d   Thumb Code     8  sys_exit.o(.text)
    __user_setup_stackheap                   0x08000349   Thumb Code    74  sys_stackheap_outer.o(.text)
    __I$use$semihosting                      0x08000393   Thumb Code     0  use_no_semi.o(.text)
    __use_no_semihosting_swi                 0x08000393   Thumb Code     2  use_no_semi.o(.text)
    SVC_Count                                0x08000394   Data           4  svc_table.o(SVC_TABLE)
    __semihosting_library_function           0x08000395   Thumb Code     0  indicate_semi.o(.text)
    Blue                                     0x08000399   Thumb Code    56  main.o(i.Blue)
    SVC_Table                                0x08000398   Data           0  svc_table.o(SVC_TABLE)
    Green                                    0x080003dd   Thumb Code    56  main.o(i.Green)
    RGB_ratio                                0x08000421   Thumb Code   446  main.o(i.RGB_ratio)
    Red                                      0x08000605   Thumb Code    56  main.o(i.Red)
    SystemInit                               0x08000731   Thumb Code    78  system_stm32f10x.o(i.SystemInit)
    _init_box                                0x08000791   Thumb Code    70  rt_membox.o(i._init_box)
    _mutex_acquire                           0x080007d9   Thumb Code    22  rtx_conf_cm.o(i._mutex_acquire)
    _mutex_release                           0x080007f9   Thumb Code    18  rtx_conf_cm.o(i._mutex_release)
    dbg_init                                 0x08000815   Thumb Code    34  hal_cm.o(i.dbg_init)
    dbg_task_notify                          0x08000845   Thumb Code    32  hal_cm.o(i.dbg_task_notify)
    dbg_task_switch                          0x08000865   Thumb Code    16  hal_cm.o(i.dbg_task_switch)
    delayUS_DWT                              0x08000875   Thumb Code    40  main.o(i.delayUS_DWT)
    isrMessageGet                            0x080008a9   Thumb Code    42  rt_cmsis.o(i.isrMessageGet)
    isrMessagePut                            0x080008d3   Thumb Code    44  rt_cmsis.o(i.isrMessagePut)
    isr_mbx_receive                          0x08000901   Thumb Code    86  rt_mailbox.o(i.isr_mbx_receive)
    isr_mbx_send                             0x08000957   Thumb Code    14  rt_mailbox.o(i.isr_mbx_send)
    main                                     0x08000965   Thumb Code   140  main.o(i.main)
    osKernelInitialize                       0x08000a29   Thumb Code    30  rt_cmsis.o(i.osKernelInitialize)
    osKernelStart                            0x08000a4d   Thumb Code    98  rt_cmsis.o(i.osKernelStart)
    osMessageGet                             0x08000ab9   Thumb Code    18  rt_cmsis.o(i.osMessageGet)
    osThreadCreate                           0x08000ad1   Thumb Code    36  rt_cmsis.o(i.osThreadCreate)
    osThreadExit                             0x08000afd   Thumb Code    14  rt_cmsis.o(i.osThreadExit)
    osTimerCall                              0x08000b15   Thumb Code     8  rt_cmsis.o(i.osTimerCall)
    osTimerThread                            0x08000b21   Thumb Code    38  rt_cmsis.o(i.osTimerThread)
    os_error                                 0x08000b4d   Thumb Code    34  rtx_conf_cm.o(i.os_error)
    os_idle_demon                            0x08000b6f   Thumb Code     4  rtx_conf_cm.o(i.os_idle_demon)
    os_tick_init                             0x08000b75   Thumb Code    32  rt_system.o(i.os_tick_init)
    os_tick_irqack                           0x08000b9d   Thumb Code     2  rt_system.o(i.os_tick_irqack)
    rt_alloc_box                             0x08000b9f   Thumb Code    26  rt_membox.o(i.rt_alloc_box)
    rt_alloc_mem                             0x08000bb9   Thumb Code    62  rt_memory.o(i.rt_alloc_mem)
    rt_block                                 0x08000bf9   Thumb Code    48  rt_task.o(i.rt_block)
    rt_chk_robin                             0x08000c31   Thumb Code    60  rt_robin.o(i.rt_chk_robin)
    rt_dec_dly                               0x08000c79   Thumb Code   102  rt_list.o(i.rt_dec_dly)
    rt_dispatch                              0x08000ce9   Thumb Code    60  rt_task.o(i.rt_dispatch)
    rt_evt_psh                               0x08000d2d   Thumb Code    76  rt_event.o(i.rt_evt_psh)
    rt_free_box                              0x08000d7d   Thumb Code    44  rt_membox.o(i.rt_free_box)
    rt_free_mem                              0x08000da9   Thumb Code    40  rt_memory.o(i.rt_free_mem)
    rt_get_first                             0x08000dd1   Thumb Code    40  rt_list.o(i.rt_get_first)
    rt_init_mem                              0x08000e49   Thumb Code    26  rt_memory.o(i.rt_init_mem)
    rt_init_robin                            0x08000e65   Thumb Code    14  rt_robin.o(i.rt_init_robin)
    rt_init_stack                            0x08000e7d   Thumb Code   118  hal_cm.o(i.rt_init_stack)
    rt_mbx_check                             0x08000efd   Thumb Code     8  rt_mailbox.o(i.rt_mbx_check)
    rt_mbx_init                              0x08000f05   Thumb Code    26  rt_mailbox.o(i.rt_mbx_init)
    rt_mbx_psh                               0x08000f21   Thumb Code   236  rt_mailbox.o(i.rt_mbx_psh)
    rt_mbx_wait                              0x08001011   Thumb Code   174  rt_mailbox.o(i.rt_mbx_wait)
    rt_mut_release                           0x08001109   Thumb Code   208  rt_mutex.o(i.rt_mut_release)
    rt_mut_wait                              0x080011e1   Thumb Code   114  rt_mutex.o(i.rt_mut_wait)
    rt_pop_req                               0x08001259   Thumb Code   112  rt_system.o(i.rt_pop_req)
    rt_psh_req                               0x080012d5   Thumb Code    22  rt_system.o(i.rt_psh_req)
    rt_psq_enq                               0x080012f5   Thumb Code    88  rt_list.o(i.rt_psq_enq)
    rt_put_dly                               0x08001351   Thumb Code    68  rt_list.o(i.rt_put_dly)
    rt_put_prio                              0x08001399   Thumb Code    54  rt_list.o(i.rt_put_prio)
    rt_put_rdy_first                         0x080013d1   Thumb Code    14  rt_list.o(i.rt_put_rdy_first)
    rt_resort_prio                           0x080013e5   Thumb Code    46  rt_list.o(i.rt_resort_prio)
    rt_ret_val                               0x08001419   Thumb Code     6  hal_cm.o(i.rt_ret_val)
    rt_ret_val2                              0x0800141f   Thumb Code     8  hal_cm.o(i.rt_ret_val2)
    rt_rmv_dly                               0x08001427   Thumb Code    40  rt_list.o(i.rt_rmv_dly)
    rt_rmv_list                              0x08001451   Thumb Code    44  rt_list.o(i.rt_rmv_list)
    rt_sem_psh                               0x08001481   Thumb Code    48  rt_semaphore.o(i.rt_sem_psh)
    rt_stk_check                             0x080014b5   Thumb Code    28  rt_system.o(i.rt_stk_check)
    rt_switch_req                            0x080014d9   Thumb Code    30  rt_task.o(i.rt_switch_req)
    rt_sys_init                              0x08001501   Thumb Code   138  rt_task.o(i.rt_sys_init)
    rt_sys_start                             0x080015cd   Thumb Code   110  rt_task.o(i.rt_sys_start)
    rt_systick                               0x08001645   Thumb Code    50  rt_system.o(i.rt_systick)
    rt_tsk_create                            0x080016cd   Thumb Code   118  rt_task.o(i.rt_tsk_create)
    rt_tsk_delete                            0x08001755   Thumb Code   352  rt_task.o(i.rt_tsk_delete)
    rt_tsk_prio                              0x080018d1   Thumb Code   108  rt_task.o(i.rt_tsk_prio)
    rt_tsk_self                              0x0800194d   Thumb Code    12  rt_task.o(i.rt_tsk_self)
    svcKernelInitialize                      0x0800195d   Thumb Code    80  rt_cmsis.o(i.svcKernelInitialize)
    svcKernelStart                           0x080019cd   Thumb Code    62  rt_cmsis.o(i.svcKernelStart)
    svcMessageCreate                         0x08001a15   Thumb Code    36  rt_cmsis.o(i.svcMessageCreate)
    svcMessageGet                            0x08001a39   Thumb Code    58  rt_cmsis.o(i.svcMessageGet)
    svcThreadCreate                          0x08001a75   Thumb Code    96  rt_cmsis.o(i.svcThreadCreate)
    svcThreadGetId                           0x08001ae1   Thumb Code    22  rt_cmsis.o(i.svcThreadGetId)
    svcThreadTerminate                       0x08001afd   Thumb Code    50  rt_cmsis.o(i.svcThreadTerminate)
    svcTimerCall                             0x08001b35   Thumb Code    24  rt_cmsis.o(i.svcTimerCall)
    sysTimerTick                             0x08001b4d   Thumb Code    84  rt_cmsis.o(i.sysTimerTick)
    __aeabi_fadd                             0x08001ba9   Thumb Code     0  faddsub_clz.o(x$fpl$fadd)
    _fadd                                    0x08001ba9   Thumb Code   196  faddsub_clz.o(x$fpl$fadd)
    __aeabi_fdiv                             0x08001c6d   Thumb Code     0  fdiv.o(x$fpl$fdiv)
    _fdiv                                    0x08001c6d   Thumb Code   384  fdiv.o(x$fpl$fdiv)
    __aeabi_f2uiz                            0x08001df1   Thumb Code     0  ffixu.o(x$fpl$ffixu)
    _ffixu                                   0x08001df1   Thumb Code    62  ffixu.o(x$fpl$ffixu)
    __aeabi_fmul                             0x08001e31   Thumb Code     0  fmul.o(x$fpl$fmul)
    _fmul                                    0x08001e31   Thumb Code   258  fmul.o(x$fpl$fmul)
    __fpl_fnaninf                            0x08001f33   Thumb Code   140  fnaninf.o(x$fpl$fnaninf)
    __fpl_fretinf                            0x08001fbf   Thumb Code    10  fretinf.o(x$fpl$fretinf)
    __aeabi_frsub                            0x08001fc9   Thumb Code     0  faddsub_clz.o(x$fpl$frsb)
    _frsb                                    0x08001fc9   Thumb Code    20  faddsub_clz.o(x$fpl$frsb)
    __aeabi_fsub                             0x08001fdd   Thumb Code     0  faddsub_clz.o(x$fpl$fsub)
    _fsub                                    0x08001fdd   Thumb Code   234  faddsub_clz.o(x$fpl$fsub)
    __I$use$fp                               0x080020c6   Number         0  usenofp.o(x$fpl$usenofp)
    os_thread_def_Red                        0x080020c8   Data          16  main.o(.constdata)
    os_thread_def_Blue                       0x080020d8   Data          16  main.o(.constdata)
    os_thread_def_Green                      0x080020e8   Data          16  main.o(.constdata)
    os_maxtaskrun                            0x080020f8   Data           2  rtx_conf_cm.o(.constdata)
    os_stackinfo                             0x080020fc   Data           4  rtx_conf_cm.o(.constdata)
    os_rrobin                                0x08002100   Data           4  rtx_conf_cm.o(.constdata)
    os_tickfreq                              0x08002104   Data           4  rtx_conf_cm.o(.constdata)
    os_tickus_i                              0x08002108   Data           2  rtx_conf_cm.o(.constdata)
    os_tickus_f                              0x0800210a   Data           2  rtx_conf_cm.o(.constdata)
    os_trv                                   0x0800210c   Data           4  rtx_conf_cm.o(.constdata)
    os_flags                                 0x08002110   Data           1  rtx_conf_cm.o(.constdata)
    CMSIS_RTOS_API_Version                   0x08002114   Data           4  rtx_conf_cm.o(.constdata)
    CMSIS_RTOS_RTX_Version                   0x08002118   Data           4  rtx_conf_cm.o(.constdata)
    os_clockrate                             0x0800211c   Data           4  rtx_conf_cm.o(.constdata)
    os_timernum                              0x08002120   Data           4  rtx_conf_cm.o(.constdata)
    mp_tcb_size                              0x08002124   Data           2  rtx_conf_cm.o(.constdata)
    mp_stk_size                              0x08002128   Data           4  rtx_conf_cm.o(.constdata)
    os_stack_sz                              0x0800212c   Data           4  rtx_conf_cm.o(.constdata)
    os_fifo_size                             0x08002130   Data           1  rtx_conf_cm.o(.constdata)
    os_thread_def_osTimerThread              0x08002134   Data          16  rtx_conf_cm.o(.constdata)
    os_messageQ_def_osTimerMessageQ          0x08002144   Data           8  rtx_conf_cm.o(.constdata)
    mp_tmr_size                              0x0800214c   Data           2  rtx_conf_cm.o(.constdata)
    os_thread_def_main                       0x08002150   Data          16  rtx_conf_cm.o(.constdata)
    Region$$Table$$Base                      0x08002160   Number         0  anon$$obj.o(Region$$Table)
    Region$$Table$$Limit                     0x08002180   Number         0  anon$$obj.o(Region$$Table)
    red_lm                                   0x20000000   Data           4  main.o(.data)
    green_lm                                 0x20000004   Data           4  main.o(.data)
    blue_lm                                  0x20000008   Data           4  main.o(.data)
    target_xy                                0x2000000c   Data           8  main.o(.data)
    brightness                               0x20000014   Data           4  main.o(.data)
    dutyCycleRed                             0x20000018   Data           4  main.o(.data)
    dutyCycleGreen                           0x2000001c   Data           4  main.o(.data)
    dutyCycleBlue                            0x20000020   Data           4  main.o(.data)
    osThreadId_osTimerThread                 0x20000024   Data           4  rtx_conf_cm.o(.data)
    osMessageQId_osTimerMessageQ             0x20000028   Data           4  rtx_conf_cm.o(.data)
    os_tmr                                   0x2000002c   Data           4  rtx_conf_cm.o(.data)
    m_tmr                                    0x20000030   Data           4  rtx_conf_cm.o(.data)
    SystemCoreClock                          0x20000038   Data           4  system_stm32f10x.o(.data)
    AHBPrescTable                            0x2000003c   Data          16  system_stm32f10x.o(.data)
    os_initialized                           0x2000004c   Data           1  rt_cmsis.o(.data)
    os_running                               0x2000004d   Data           1  rt_cmsis.o(.data)
    os_timer_head                            0x20000050   Data           4  rt_cmsis.o(.data)
    os_tsk                                   0x20000054   Data           8  rt_task.o(.data)
    os_tick_irqn                             0x20000060   Data           4  rt_system.o(.data)
    os_time                                  0x20000064   Data           4  rt_time.o(.data)
    os_robin                                 0x20000068   Data           8  rt_robin.o(.data)
    dbg_msg                                  0x20000070   Data           1  hal_cm.o(.data)
    mp_tcb                                   0x20000078   Data         376  rtx_conf_cm.o(.bss)
    mp_stk                                   0x200001f0   Data        1216  rtx_conf_cm.o(.bss)
    os_stack_mem                             0x200006b0   Data         432  rtx_conf_cm.o(.bss)
    os_fifo                                  0x20000860   Data         132  rtx_conf_cm.o(.bss)
    os_active_TCB                            0x200008e4   Data          28  rtx_conf_cm.o(.bss)
    os_messageQ_q_osTimerMessageQ            0x20000900   Data          32  rtx_conf_cm.o(.bss)
    os_idle_TCB                              0x20000c40   Data          52  rt_task.o(.bss)
    os_rdy                                   0x20000c74   Data          24  rt_list.o(.bss)
    os_dly                                   0x20000c8c   Data          24  rt_list.o(.bss)
    __libspace_start                         0x20000ca4   Data          96  libspace.o(.bss)
    __temporary_stack_top$libspace           0x20000d04   Data           0  libspace.o(.bss)



==============================================================================

Memory Map of the image

  Image Entry point : 0x080002dd

  Load Region LR_1 (Base: 0x08000000, Size: 0x000021f4, Max: 0xffffffff, ABSOLUTE)

    Execution Region ER_RO (Base: 0x08000000, Size: 0x00002180, Max: 0xffffffff, ABSOLUTE)

    Base Addr    Size         Type   Attr      Idx    E Section Name        Object

    0x08000000   0x000000ec   Data   RO          702    RESET               startup_stm32f10x_md.o
    0x080000ec   0x00000008   Code   RO         1968  * !!!main             c_w.l(__main.o)
    0x080000f4   0x00000034   Code   RO         2150    !!!scatter          c_w.l(__scatter.o)
    0x08000128   0x0000001a   Code   RO         2152    !!handler_copy      c_w.l(__scatter_copy.o)
    0x08000142   0x00000002   PAD
    0x08000144   0x0000001c   Code   RO         2154    !!handler_zi        c_w.l(__scatter_zi.o)
    0x08000160   0x00000002   Code   RO         2036    .ARM.Collect$$libinit$$00000000  c_w.l(libinit.o)
    0x08000162   0x00000000   Code   RO         2048    .ARM.Collect$$libinit$$00000002  c_w.l(libinit2.o)
    0x08000162   0x00000000   Code   RO         2050    .ARM.Collect$$libinit$$00000004  c_w.l(libinit2.o)
    0x08000162   0x00000000   Code   RO         2053    .ARM.Collect$$libinit$$0000000A  c_w.l(libinit2.o)
    0x08000162   0x00000000   Code   RO         2055    .ARM.Collect$$libinit$$0000000C  c_w.l(libinit2.o)
    0x08000162   0x00000000   Code   RO         2057    .ARM.Collect$$libinit$$0000000E  c_w.l(libinit2.o)
    0x08000162   0x00000000   Code   RO         2060    .ARM.Collect$$libinit$$00000011  c_w.l(libinit2.o)
    0x08000162   0x00000000   Code   RO         2062    .ARM.Collect$$libinit$$00000013  c_w.l(libinit2.o)
    0x08000162   0x00000000   Code   RO         2064    .ARM.Collect$$libinit$$00000015  c_w.l(libinit2.o)
    0x08000162   0x00000000   Code   RO         2066    .ARM.Collect$$libinit$$00000017  c_w.l(libinit2.o)
    0x08000162   0x00000000   Code   RO         2068    .ARM.Collect$$libinit$$00000019  c_w.l(libinit2.o)
    0x08000162   0x00000000   Code   RO         2070    .ARM.Collect$$libinit$$0000001B  c_w.l(libinit2.o)
    0x08000162   0x00000000   Code   RO         2072    .ARM.Collect$$libinit$$0000001D  c_w.l(libinit2.o)
    0x08000162   0x00000000   Code   RO         2074    .ARM.Collect$$libinit$$0000001F  c_w.l(libinit2.o)
    0x08000162   0x00000000   Code   RO         2076    .ARM.Collect$$libinit$$00000021  c_w.l(libinit2.o)
    0x08000162   0x00000000   Code   RO         2078    .ARM.Collect$$libinit$$00000023  c_w.l(libinit2.o)
    0x08000162   0x00000000   Code   RO         2080    .ARM.Collect$$libinit$$00000025  c_w.l(libinit2.o)
    0x08000162   0x00000000   Code   RO         2084    .ARM.Collect$$libinit$$0000002C  c_w.l(libinit2.o)
    0x08000162   0x00000000   Code   RO         2086    .ARM.Collect$$libinit$$0000002E  c_w.l(libinit2.o)
    0x08000162   0x00000000   Code   RO         2088    .ARM.Collect$$libinit$$00000030  c_w.l(libinit2.o)
    0x08000162   0x00000000   Code   RO         2090    .ARM.Collect$$libinit$$00000032  c_w.l(libinit2.o)
    0x08000162   0x00000002   Code   RO         2091    .ARM.Collect$$libinit$$00000033  c_w.l(libinit2.o)
    0x08000164   0x00000002   Code   RO         2037    .ARM.Collect$$libshutdown$$00000000  c_w.l(libshutdown.o)
    0x08000166   0x00000000   Code   RO         2093    .ARM.Collect$$libshutdown$$00000002  c_w.l(libshutdown2.o)
    0x08000166   0x00000000   Code   RO         2095    .ARM.Collect$$libshutdown$$00000004  c_w.l(libshutdown2.o)
    0x08000166   0x00000000   Code   RO         2098    .ARM.Collect$$libshutdown$$00000007  c_w.l(libshutdown2.o)
    0x08000166   0x00000000   Code   RO         2101    .ARM.Collect$$libshutdown$$0000000A  c_w.l(libshutdown2.o)
    0x08000166   0x00000000   Code   RO         2103    .ARM.Collect$$libshutdown$$0000000C  c_w.l(libshutdown2.o)
    0x08000166   0x00000000   Code   RO         2106    .ARM.Collect$$libshutdown$$0000000F  c_w.l(libshutdown2.o)
    0x08000166   0x00000002   Code   RO         2107    .ARM.Collect$$libshutdown$$00000010  c_w.l(libshutdown2.o)
    0x08000168   0x00000000   Code   RO         1986    .ARM.Collect$$rtentry$$00000000  c_w.l(__rtentry.o)
    0x08000168   0x00000000   Code   RO         1999    .ARM.Collect$$rtentry$$00000002  c_w.l(__rtentry2.o)
    0x08000168   0x00000006   Code   RO         2011    .ARM.Collect$$rtentry$$00000004  c_w.l(__rtentry4.o)
    0x0800016e   0x00000000   Code   RO         2001    .ARM.Collect$$rtentry$$00000009  c_w.l(__rtentry2.o)
    0x0800016e   0x00000004   Code   RO         2002    .ARM.Collect$$rtentry$$0000000A  c_w.l(__rtentry2.o)
    0x08000172   0x00000008   Code   RO         2003    .ARM.Collect$$rtentry$$0000000B  c_w.l(__rtentry2.o)
    0x0800017a   0x00000008   Code   RO         2005    .ARM.Collect$$rtentry$$0000000D  c_w.l(__rtentry2.o)
    0x08000182   0x00000002   Code   RO         1987    .ARM.Collect$$rtexit$$00000000  c_w.l(rtexit.o)
    0x08000184   0x00000000   Code   RO         2014    .ARM.Collect$$rtexit$$00000002  c_w.l(rtexit2.o)
    0x08000184   0x00000004   Code   RO         2015    .ARM.Collect$$rtexit$$00000003  c_w.l(rtexit2.o)
    0x08000188   0x00000006   Code   RO         2016    .ARM.Collect$$rtexit$$00000004  c_w.l(rtexit2.o)
    0x0800018e   0x00000002   PAD
    0x08000190   0x0000001c   Code   RO          642    .emb_text           rtx_conf_cm.o
    0x080001ac   0x00000130   Code   RO         1944    .emb_text           RTX_CM3.lib(hal_cm3.o)
    0x080002dc   0x00000040   Code   RO          703  * .text               startup_stm32f10x_md.o
    0x0800031c   0x00000008   Code   RO         1959    .text               c_w.l(libspace.o)
    0x08000324   0x00000012   Code   RO         1964    .text               c_w.l(exit.o)
    0x08000336   0x00000006   Code   RO         1966    .text               c_w.l(heapauxi.o)
    0x0800033c   0x0000000c   Code   RO         2022    .text               c_w.l(sys_exit.o)
    0x08000348   0x0000004a   Code   RO         2024    .text               c_w.l(sys_stackheap_outer.o)
    0x08000392   0x00000002   Code   RO         2038    .text               c_w.l(use_no_semi.o)
    0x08000394   0x00000000   Code   RO         2040    .text               c_w.l(indicate_semi.o)
    0x08000394   0x00000004   Code   RO         1954    SVC_TABLE           RTX_CM3.lib(svc_table.o)
    0x08000398   0x00000044   Code   RO            3    i.Blue              main.o
    0x080003dc   0x00000044   Code   RO            4    i.Green             main.o
    0x08000420   0x000001e4   Code   RO            5    i.RGB_ratio         main.o
    0x08000604   0x00000044   Code   RO            6    i.Red               main.o
    0x08000648   0x00000008   Code   RO          709    i.SetSysClock       system_stm32f10x.o
    0x08000650   0x000000e0   Code   RO          710    i.SetSysClockTo72   system_stm32f10x.o
    0x08000730   0x00000060   Code   RO          712    i.SystemInit        system_stm32f10x.o
    0x08000790   0x00000046   Code   RO         1843    i._init_box         RTX_CM3.lib(rt_membox.o)
    0x080007d6   0x00000002   PAD
    0x080007d8   0x00000020   Code   RO          644    i._mutex_acquire    rtx_conf_cm.o
    0x080007f8   0x0000001c   Code   RO          646    i._mutex_release    rtx_conf_cm.o
    0x08000814   0x00000030   Code   RO         1896    i.dbg_init          RTX_CM3.lib(hal_cm.o)
    0x08000844   0x00000020   Code   RO         1897    i.dbg_task_notify   RTX_CM3.lib(hal_cm.o)
    0x08000864   0x00000010   Code   RO         1898    i.dbg_task_switch   RTX_CM3.lib(hal_cm.o)
    0x08000874   0x00000034   Code   RO            7    i.delayUS_DWT       main.o
    0x080008a8   0x0000002a   Code   RO          752    i.isrMessageGet     RTX_CM3.lib(rt_cmsis.o)
    0x080008d2   0x0000002c   Code   RO          753    i.isrMessagePut     RTX_CM3.lib(rt_cmsis.o)
    0x080008fe   0x00000002   PAD
    0x08000900   0x00000056   Code   RO         1698    i.isr_mbx_receive   RTX_CM3.lib(rt_mailbox.o)
    0x08000956   0x0000000e   Code   RO         1699    i.isr_mbx_send      RTX_CM3.lib(rt_mailbox.o)
    0x08000964   0x000000c4   Code   RO            8    i.main              main.o
    0x08000a28   0x00000024   Code   RO          757    i.osKernelInitialize  RTX_CM3.lib(rt_cmsis.o)
    0x08000a4c   0x0000006c   Code   RO          759    i.osKernelStart     RTX_CM3.lib(rt_cmsis.o)
    0x08000ab8   0x00000018   Code   RO          768    i.osMessageGet      RTX_CM3.lib(rt_cmsis.o)
    0x08000ad0   0x0000002c   Code   RO          785    i.osThreadCreate    RTX_CM3.lib(rt_cmsis.o)
    0x08000afc   0x00000018   Code   RO          786    i.osThreadExit      RTX_CM3.lib(rt_cmsis.o)
    0x08000b14   0x0000000c   Code   RO          792    i.osTimerCall       RTX_CM3.lib(rt_cmsis.o)
    0x08000b20   0x0000002c   Code   RO          797    i.osTimerThread     RTX_CM3.lib(rt_cmsis.o)
    0x08000b4c   0x00000022   Code   RO          647    i.os_error          rtx_conf_cm.o
    0x08000b6e   0x00000004   Code   RO          648    i.os_idle_demon     rtx_conf_cm.o
    0x08000b72   0x00000002   PAD
    0x08000b74   0x00000028   Code   RO         1490    i.os_tick_init      RTX_CM3.lib(rt_system.o)
    0x08000b9c   0x00000002   Code   RO         1491    i.os_tick_irqack    RTX_CM3.lib(rt_system.o)
    0x08000b9e   0x0000001a   Code   RO         1844    i.rt_alloc_box      RTX_CM3.lib(rt_membox.o)
    0x08000bb8   0x0000003e   Code   RO         1872    i.rt_alloc_mem      RTX_CM3.lib(rt_memory.o)
    0x08000bf6   0x00000002   PAD
    0x08000bf8   0x00000038   Code   RO         1371    i.rt_block          RTX_CM3.lib(rt_task.o)
    0x08000c30   0x00000048   Code   RO         1821    i.rt_chk_robin      RTX_CM3.lib(rt_robin.o)
    0x08000c78   0x00000070   Code   RO         1622    i.rt_dec_dly        RTX_CM3.lib(rt_list.o)
    0x08000ce8   0x00000044   Code   RO         1372    i.rt_dispatch       RTX_CM3.lib(rt_task.o)
    0x08000d2c   0x00000050   Code   RO         1583    i.rt_evt_psh        RTX_CM3.lib(rt_event.o)
    0x08000d7c   0x0000002c   Code   RO         1845    i.rt_free_box       RTX_CM3.lib(rt_membox.o)
    0x08000da8   0x00000028   Code   RO         1873    i.rt_free_mem       RTX_CM3.lib(rt_memory.o)
    0x08000dd0   0x00000028   Code   RO         1623    i.rt_get_first      RTX_CM3.lib(rt_list.o)
    0x08000df8   0x00000008   Code   RO          802    i.rt_id2obj         RTX_CM3.lib(rt_cmsis.o)
    0x08000e00   0x00000048   Code   RO         1373    i.rt_init_context   RTX_CM3.lib(rt_task.o)
    0x08000e48   0x0000001a   Code   RO         1874    i.rt_init_mem       RTX_CM3.lib(rt_memory.o)
    0x08000e62   0x00000002   PAD
    0x08000e64   0x00000018   Code   RO         1822    i.rt_init_robin     RTX_CM3.lib(rt_robin.o)
    0x08000e7c   0x00000080   Code   RO         1899    i.rt_init_stack     RTX_CM3.lib(hal_cm.o)
    0x08000efc   0x00000008   Code   RO         1700    i.rt_mbx_check      RTX_CM3.lib(rt_mailbox.o)
    0x08000f04   0x0000001a   Code   RO         1701    i.rt_mbx_init       RTX_CM3.lib(rt_mailbox.o)
    0x08000f1e   0x00000002   PAD
    0x08000f20   0x000000f0   Code   RO         1702    i.rt_mbx_psh        RTX_CM3.lib(rt_mailbox.o)
    0x08001010   0x000000b4   Code   RO         1704    i.rt_mbx_wait       RTX_CM3.lib(rt_mailbox.o)
    0x080010c4   0x00000044   Code   RO          803    i.rt_ms2tick        RTX_CM3.lib(rt_cmsis.o)
    0x08001108   0x000000d8   Code   RO         1457    i.rt_mut_release    RTX_CM3.lib(rt_mutex.o)
    0x080011e0   0x00000078   Code   RO         1458    i.rt_mut_wait       RTX_CM3.lib(rt_mutex.o)
    0x08001258   0x0000007c   Code   RO         1494    i.rt_pop_req        RTX_CM3.lib(rt_system.o)
    0x080012d4   0x00000020   Code   RO         1495    i.rt_psh_req        RTX_CM3.lib(rt_system.o)
    0x080012f4   0x0000005c   Code   RO         1625    i.rt_psq_enq        RTX_CM3.lib(rt_list.o)
    0x08001350   0x00000048   Code   RO         1626    i.rt_put_dly        RTX_CM3.lib(rt_list.o)
    0x08001398   0x00000036   Code   RO         1627    i.rt_put_prio       RTX_CM3.lib(rt_list.o)
    0x080013ce   0x00000002   PAD
    0x080013d0   0x00000014   Code   RO         1628    i.rt_put_rdy_first  RTX_CM3.lib(rt_list.o)
    0x080013e4   0x00000034   Code   RO         1629    i.rt_resort_prio    RTX_CM3.lib(rt_list.o)
    0x08001418   0x00000006   Code   RO         1900    i.rt_ret_val        RTX_CM3.lib(hal_cm.o)
    0x0800141e   0x00000008   Code   RO         1901    i.rt_ret_val2       RTX_CM3.lib(hal_cm.o)
    0x08001426   0x00000028   Code   RO         1630    i.rt_rmv_dly        RTX_CM3.lib(rt_list.o)
    0x0800144e   0x00000002   PAD
    0x08001450   0x00000030   Code   RO         1631    i.rt_rmv_list       RTX_CM3.lib(rt_list.o)
    0x08001480   0x00000034   Code   RO         1749    i.rt_sem_psh        RTX_CM3.lib(rt_semaphore.o)
    0x080014b4   0x00000024   Code   RO         1497    i.rt_stk_check      RTX_CM3.lib(rt_system.o)
    0x080014d8   0x00000028   Code   RO         1374    i.rt_switch_req     RTX_CM3.lib(rt_task.o)
    0x08001500   0x000000cc   Code   RO         1375    i.rt_sys_init       RTX_CM3.lib(rt_task.o)
    0x080015cc   0x00000078   Code   RO         1376    i.rt_sys_start      RTX_CM3.lib(rt_task.o)
    0x08001644   0x00000040   Code   RO         1499    i.rt_systick        RTX_CM3.lib(rt_system.o)
    0x08001684   0x00000012   Code   RO          804    i.rt_tid2ptcb       RTX_CM3.lib(rt_cmsis.o)
    0x08001696   0x00000002   PAD
    0x08001698   0x00000034   Code   RO          805    i.rt_timer_insert   RTX_CM3.lib(rt_cmsis.o)
    0x080016cc   0x00000088   Code   RO         1377    i.rt_tsk_create     RTX_CM3.lib(rt_task.o)
    0x08001754   0x0000017c   Code   RO         1378    i.rt_tsk_delete     RTX_CM3.lib(rt_task.o)
    0x080018d0   0x0000007c   Code   RO         1380    i.rt_tsk_prio       RTX_CM3.lib(rt_task.o)
    0x0800194c   0x00000010   Code   RO         1381    i.rt_tsk_self       RTX_CM3.lib(rt_task.o)
    0x0800195c   0x00000070   Code   RO          808    i.svcKernelInitialize  RTX_CM3.lib(rt_cmsis.o)
    0x080019cc   0x00000048   Code   RO          810    i.svcKernelStart    RTX_CM3.lib(rt_cmsis.o)
    0x08001a14   0x00000024   Code   RO          813    i.svcMessageCreate  RTX_CM3.lib(rt_cmsis.o)
    0x08001a38   0x0000003a   Code   RO          814    i.svcMessageGet     RTX_CM3.lib(rt_cmsis.o)
    0x08001a72   0x00000002   PAD
    0x08001a74   0x0000006c   Code   RO          828    i.svcThreadCreate   RTX_CM3.lib(rt_cmsis.o)
    0x08001ae0   0x0000001c   Code   RO          829    i.svcThreadGetId    RTX_CM3.lib(rt_cmsis.o)
    0x08001afc   0x00000038   Code   RO          832    i.svcThreadTerminate  RTX_CM3.lib(rt_cmsis.o)
    0x08001b34   0x00000018   Code   RO          834    i.svcTimerCall      RTX_CM3.lib(rt_cmsis.o)
    0x08001b4c   0x0000005c   Code   RO          843    i.sysTimerTick      RTX_CM3.lib(rt_cmsis.o)
    0x08001ba8   0x000000c4   Code   RO         1970    x$fpl$fadd          fz_ws.l(faddsub_clz.o)
    0x08001c6c   0x00000184   Code   RO         1977    x$fpl$fdiv          fz_ws.l(fdiv.o)
    0x08001df0   0x0000003e   Code   RO         1980    x$fpl$ffixu         fz_ws.l(ffixu.o)
    0x08001e2e   0x00000002   PAD
    0x08001e30   0x00000102   Code   RO         1984    x$fpl$fmul          fz_ws.l(fmul.o)
    0x08001f32   0x0000008c   Code   RO         1993    x$fpl$fnaninf       fz_ws.l(fnaninf.o)
    0x08001fbe   0x0000000a   Code   RO         1995    x$fpl$fretinf       fz_ws.l(fretinf.o)
    0x08001fc8   0x00000014   Code   RO         1971    x$fpl$frsb          fz_ws.l(faddsub_clz.o)
    0x08001fdc   0x000000ea   Code   RO         1972    x$fpl$fsub          fz_ws.l(faddsub_clz.o)
    0x080020c6   0x00000000   Code   RO         1997    x$fpl$usenofp       fz_ws.l(usenofp.o)
    0x080020c6   0x00000002   PAD
    0x080020c8   0x00000030   Data   RO            9    .constdata          main.o
    0x080020f8   0x00000068   Data   RO          650    .constdata          rtx_conf_cm.o
    0x08002160   0x00000020   Data   RO         2148    Region$$Table       anon$$obj.o


    Execution Region ER_RW (Base: 0x20000000, Size: 0x00000074, Max: 0xffffffff, ABSOLUTE)

    Base Addr    Size         Type   Attr      Idx    E Section Name        Object

    0x20000000   0x00000024   Data   RW           10    .data               main.o
    0x20000024   0x00000014   Data   RW          651    .data               rtx_conf_cm.o
    0x20000038   0x00000014   Data   RW          713    .data               system_stm32f10x.o
    0x2000004c   0x00000008   Data   RW          846    .data               RTX_CM3.lib(rt_cmsis.o)
    0x20000054   0x00000008   Data   RW         1383    .data               RTX_CM3.lib(rt_task.o)
    0x2000005c   0x00000008   Data   RW         1502    .data               RTX_CM3.lib(rt_system.o)
    0x20000064   0x00000004   Data   RW         1792    .data               RTX_CM3.lib(rt_time.o)
    0x20000068   0x00000008   Data   RW         1823    .data               RTX_CM3.lib(rt_robin.o)
    0x20000070   0x00000001   Data   RW         1902    .data               RTX_CM3.lib(hal_cm.o)


    Execution Region ER_ZI (Base: 0x20000074, Size: 0x00001294, Max: 0xffffffff, ABSOLUTE)

    Base Addr    Size         Type   Attr      Idx    E Section Name        Object

    0x20000074   0x00000004   PAD
    0x20000078   0x00000bc8   Zero   RW          649    .bss                rtx_conf_cm.o
    0x20000c40   0x00000034   Zero   RW         1382    .bss                RTX_CM3.lib(rt_task.o)
    0x20000c74   0x00000030   Zero   RW         1632    .bss                RTX_CM3.lib(rt_list.o)
    0x20000ca4   0x00000060   Zero   RW         1960    .bss                c_w.l(libspace.o)
    0x20000d04   0x00000004   PAD
    0x20000d08   0x00000200   Zero   RW          701    HEAP                startup_stm32f10x_md.o
    0x20000f08   0x00000400   Zero   RW          700    STACK               startup_stm32f10x_md.o


==============================================================================

Image component sizes


      Code (inc. data)   RO Data    RW Data    ZI Data      Debug   Object Name

       936        142         48         36          0      13346   main.o
       126         26        104         20       3016       9207   rtx_conf_cm.o
        64         26        236          0       1536        824   startup_stm32f10x_md.o
       328         28          0         20          0       2281   system_stm32f10x.o

    ----------------------------------------------------------------------
      1456        222        420         76       4552      25658   Object Totals
         0          0         32          0          0          0   (incl. Generated)
         2          0          0          0          0          0   (incl. Padding)

    ----------------------------------------------------------------------

      Code (inc. data)   RO Data    RW Data    ZI Data      Debug   Library Member Name

       238         24          0          1          0       3312   hal_cm.o
       304         36          0          0          0        768   hal_cm3.o
      1110        138          0          8          0      31753   rt_cmsis.o
        80          4          0          0          0        661   rt_event.o
       530         34          0          0         48       8253   rt_list.o
       554         10          0          0          0       3949   rt_mailbox.o
       140          0          0          0          0       1925   rt_membox.o
       128          0          0          0          0       2307   rt_memory.o
       336         14          0          0          0       1643   rt_mutex.o
        96         22          0          8          0       1158   rt_robin.o
        52          4          0          0          0        573   rt_semaphore.o
       298         52          0          8          0       6223   rt_system.o
      1216        174          0          8         52       9649   rt_task.o
         0          0          0          4          0        214   rt_time.o
         4          4          0          0          0        208   svc_table.o
         8          0          0          0          0         68   __main.o
         0          0          0          0          0          0   __rtentry.o
        20          0          0          0          0          0   __rtentry2.o
         6          0          0          0          0          0   __rtentry4.o
        52          8          0          0          0          0   __scatter.o
        26          0          0          0          0          0   __scatter_copy.o
        28          0          0          0          0          0   __scatter_zi.o
        18          0          0          0          0         80   exit.o
         6          0          0          0          0        152   heapauxi.o
         0          0          0          0          0          0   indicate_semi.o
         2          0          0          0          0          0   libinit.o
         2          0          0          0          0          0   libinit2.o
         2          0          0          0          0          0   libshutdown.o
         2          0          0          0          0          0   libshutdown2.o
         8          4          0          0         96         68   libspace.o
         2          0          0          0          0          0   rtexit.o
        10          0          0          0          0          0   rtexit2.o
        12          4          0          0          0         68   sys_exit.o
        74          0          0          0          0         80   sys_stackheap_outer.o
         2          0          0          0          0         68   use_no_semi.o
       450          8          0          0          0        236   faddsub_clz.o
       388         76          0          0          0         96   fdiv.o
        62          4          0          0          0         84   ffixu.o
       258          4          0          0          0         84   fmul.o
       140          4          0          0          0         84   fnaninf.o
        10          0          0          0          0         68   fretinf.o
         0          0          0          0          0          0   usenofp.o

    ----------------------------------------------------------------------
      6700        628          0         40        204      73832   Library Totals
        26          0          0          3          8          0   (incl. Padding)

    ----------------------------------------------------------------------

      Code (inc. data)   RO Data    RW Data    ZI Data      Debug   Library Name

      5086        516          0         37        100      72596   RTX_CM3.lib
       280         16          0          0         96        584   c_w.l
      1308         96          0          0          0        652   fz_ws.l

    ----------------------------------------------------------------------
      6700        628          0         40        204      73832   Library Totals

    ----------------------------------------------------------------------

==============================================================================


      Code (inc. data)   RO Data    RW Data    ZI Data      Debug   

      8156        850        420        116       4756      94806   Grand Totals
      8156        850        420        116       4756      94806   ELF Image Totals
      8156        850        420        116          0          0   ROM Totals

==============================================================================

    Total RO  Size (Code + RO Data)                 8576 (   8.38kB)
    Total RW  Size (RW Data + ZI Data)              4872 (   4.76kB)
    Total ROM Size (Code + RO Data + RW Data)       8692 (   8.49kB)

==============================================================================

